Archive member included because of file (symbol)

d:/program files (x86)/microchip/xc32/v1.34/bin/bin/../../lib/gcc/pic32mx/4.5.2/../../../../pic32mx/lib\libmchp_peripheral_32MX250F128B.a(int_enable_interrupts_lib.o)
                              build/default/production/sources/usb/usb_device.o (INTEnableInterrupts)
d:/program files (x86)/microchip/xc32/v1.34/bin/bin/../../lib/gcc/pic32mx/4.5.2/../../../../pic32mx/lib\libmchp_peripheral_32MX250F128B.a(int_disable_interrupts_lib.o)
                              build/default/production/sources/main.o (INTDisableInterrupts)
d:/program files (x86)/microchip/xc32/v1.34/bin/bin/../../lib/gcc/pic32mx/4.5.2/../../../../pic32mx/lib\libmchp_peripheral_32MX250F128B.a(int_restore_interrupts_lib.o)
                              build/default/production/sources/main.o (INTRestoreInterrupts)
d:/program files (x86)/microchip/xc32/v1.34/bin/bin/../../lib/gcc/pic32mx/4.5.2/../../../../pic32mx/lib\libmchp_peripheral_32MX250F128B.a(int_enable_mv_int_lib.o)
                              build/default/production/sources/usb/usb_device.o (INTEnableSystemMultiVectoredInt)
d:/program files (x86)/microchip/xc32/v1.34/bin/bin/../../lib/gcc/pic32mx/4.5.2/../../../../pic32mx/lib\libmchp_peripheral_32MX250F128B.a(int_tbl_lib.o)
                              build/default/production/sources/usb/usb_device.o (INTClearFlag)
d:/program files (x86)/microchip/xc32/v1.34/bin/bin/../../lib/gcc/pic32mx/4.5.2/../../../../pic32mx/lib\libmchp_peripheral_32MX250F128B.a(spi_chn_open_lib.o)
                              build/default/production/sources/main.o (SpiChnOpen)
d:/program files (x86)/microchip/xc32/v1.34/bin/bin/../../lib/gcc/pic32mx/4.5.2/../../../../pic32mx/lib\libmchp_peripheral_32MX250F128B.a(spi_map_tbl_libp.o)
                              d:/program files (x86)/microchip/xc32/v1.34/bin/bin/../../lib/gcc/pic32mx/4.5.2/../../../../pic32mx/lib\libmchp_peripheral_32MX250F128B.a(spi_chn_open_lib.o) (_SpiMapTbl)
d:/program files (x86)/microchip/xc32/v1.34/bin/bin/../../lib/gcc/pic32mx/4.5.2/../../../../pic32mx/lib\libmchp_peripheral_32MX250F128B.a(dma_chn_enable_lib.o)
                              build/default/production/sources/main.o (DmaChnEnable)
d:/program files (x86)/microchip/xc32/v1.34/bin/bin/../../lib/gcc/pic32mx/4.5.2/../../../../pic32mx/lib\libmchp_peripheral_32MX250F128B.a(dma_chn_get_ev_flags_lib.o)
                              build/default/production/sources/main.o (DmaChnGetEvFlags)
d:/program files (x86)/microchip/xc32/v1.34/bin/bin/../../lib/gcc/pic32mx/4.5.2/../../../../pic32mx/lib\libmchp_peripheral_32MX250F128B.a(dma_reg_map_tbl_lib.o)
                              d:/program files (x86)/microchip/xc32/v1.34/bin/bin/../../lib/gcc/pic32mx/4.5.2/../../../../pic32mx/lib\libmchp_peripheral_32MX250F128B.a(dma_chn_enable_lib.o) (_DmaMapTbl)
d:/program files (x86)/microchip/xc32/v1.34/bin/bin/../../lib/gcc/pic32mx/4.5.2/../../../../pic32mx/lib\libmchp_peripheral_32MX250F128B.a(uart_lib.o)
                              build/default/production/sources/main.o (UARTEnable)
d:/program files (x86)/microchip/xc32/v1.34/bin/bin/../../lib/gcc/pic32mx/4.5.2/../../../../pic32mx/lib\libpic32.a(memcpy.o)
                              build/default/production/sources/usb_main.o (memcpy)
d:/program files (x86)/microchip/xc32/v1.34/bin/bin/../../lib/gcc/pic32mx/4.5.2/../../../../pic32mx/lib\libpic32.a(memset.o)
                              build/default/production/sources/usb/usb_device.o (memset)
d:/program files (x86)/microchip/xc32/v1.34/bin/bin/../../lib/gcc/pic32mx/4.5.2/../../../../pic32mx/lib\libpic32.a(strlen.o)
                              build/default/production/sources/R2Protocol.o (strlen)
d:/program files (x86)/microchip/xc32/v1.34/bin/bin/../../lib/gcc/pic32mx/4.5.2/../../../../pic32mx/lib\libpic32.a(default-bootstrap-exception-handler.o)
                              d:/program files (x86)/microchip/xc32/v1.34/bin/bin/../../lib/gcc/pic32mx/4.5.2/../../../../pic32mx/lib/./proc/32MX250F128B/crt0_mips32r2.o (_bootstrap_exception_handler)
d:/program files (x86)/microchip/xc32/v1.34/bin/bin/../../lib/gcc/pic32mx/4.5.2/../../../../pic32mx/lib\libpic32.a(default-on-reset.o)
                              d:/program files (x86)/microchip/xc32/v1.34/bin/bin/../../lib/gcc/pic32mx/4.5.2/../../../../pic32mx/lib/./proc/32MX250F128B/crt0_mips32r2.o (_on_reset)
d:/program files (x86)/microchip/xc32/v1.34/bin/bin/../../lib/gcc/pic32mx/4.5.2/../../../../pic32mx/lib\libpic32.a(default-on-bootstrap.o)
                              d:/program files (x86)/microchip/xc32/v1.34/bin/bin/../../lib/gcc/pic32mx/4.5.2/../../../../pic32mx/lib/./proc/32MX250F128B/crt0_mips32r2.o (_on_bootstrap)
d:/program files (x86)/microchip/xc32/v1.34/bin/bin/../../lib/gcc/pic32mx/4.5.2/../../../../pic32mx/lib\libpic32.a(default-nmi-handler.o)
[...]
Memory Configuration

Name             Origin             Length             Attributes
kseg0_program_mem 0x9d000000         0x0001f000         xr
exception_mem    0x9d01f000         0x00001000
debug_exec_mem   0x9fc00490         0x00000760
kseg0_boot_mem   0x9fc00490         0x00000000
kseg1_boot_mem   0xbfc00000         0x00000490
config3          0xbfc00bf0         0x00000004
config2          0xbfc00bf4         0x00000004
config1          0xbfc00bf8         0x00000004
config0          0xbfc00bfc         0x00000004
kseg1_data_mem   0xa0000000         0x00008000         w !x
sfrs             0xbf800000         0x00100000
configsfrs       0xbfc00bf0         0x00000010
*default*        0x00000000         0xffffffff

Linker script and memory map

LOAD d:/program files (x86)/microchip/xc32/v1.34/bin/bin/../../lib/gcc/pic32mx/4.5.2/../../../../pic32mx/lib/./proc/32MX250F128B/crt0_mips32r2.o
LOAD d:/program files (x86)/microchip/xc32/v1.34/bin/bin/../../lib/gcc/pic32mx/4.5.2/../../../../pic32mx/lib\debug-exception-return.o
LOAD build/default/production/sources/usb_main.o
LOAD build/default/production/sources/usb/usb_descriptors.o
LOAD build/default/production/sources/usb/usb_device.o
LOAD build/default/production/sources/usb/usb_function_cdc.o
LOAD build/default/production/sources/main.o
LOAD build/default/production/sources/R2Protocol.o
                0x00000001                __MPLAB_BUILD = 0x1
LOAD d:/program files (x86)/microchip/xc32/v1.34/bin/bin/../../lib/gcc/pic32mx/4.5.2/../../../../pic32mx/lib/./proc/32MX250F128B\default_isr_vectors.o
LOAD d:/program files (x86)/microchip/xc32/v1.34/bin/bin/../../lib/gcc/pic32mx/4.5.2/../../../../pic32mx/lib\pic32_software_reset.o
                0x00000400                PROVIDE (_min_stack_size, 0x400)
LOAD d:/program files (x86)/microchip/xc32/v1.34/bin/bin/../../lib/gcc/pic32mx/4.5.2/../../../../pic32mx/lib/./proc/32MX250F128B\processor.o
START GROUP
LOAD d:/program files (x86)/microchip/xc32/v1.34/bin/bin/../../lib/gcc/pic32mx/4.5.2/../../../../pic32mx/lib\libmchp_peripheral.a
END GROUP
START GROUP
LOAD d:/program files (x86)/microchip/xc32/v1.34/bin/bin/../../lib/gcc/pic32mx/4.5.2/../../../../pic32mx/lib\libmchp_peripheral_32MX250F128B.a
END GROUP
                0x00000001                PROVIDE (_vector_spacing, 0x1)
                0x9d01f000                _ebase_address = 0x9d01f000
                0xbfc00000                _RESET_ADDR = 0xbfc00000
                0xbfc00380                _BEV_EXCPT_ADDR = 0xbfc00380
                0xbfc00480                _DBG_EXCPT_ADDR = 0xbfc00480
                0x9fc00490                _DBG_CODE_ADDR = 0x9fc00490
                0x00000760                _DBG_CODE_SIZE = 0x760
                0x9d01f180                _GEN_EXCPT_ADDR = (_ebase_address + 0x180)

.config_BFC00BF0
 *(.config_BFC00BF0)

.config_BFC00BF4
                0xbfc00bf4        0x4
 *(.config_BFC00BF4)
 .config_BFC00BF4
                0xbfc00bf4        0x4 build/default/production/sources/main.o

.config_BFC00BF8
                0xbfc00bf8        0x4
 *(.config_BFC00BF8)
 .config_BFC00BF8
                0xbfc00bf8        0x4 build/default/production/sources/main.o

.config_BFC00BFC
                0xbfc00bfc        0x4
 *(.config_BFC00BFC)
 .config_BFC00BFC
                0xbfc00bfc        0x4 build/default/production/sources/main.o
                0xbfc02000                PROVIDE (_DBG_CODE_ADDR, 0xbfc02000)
                0x00000ff0                PROVIDE (_DBG_CODE_SIZE, 0xff0)

.reset          0xbfc00000      0x1cc
 *(.reset)
 .reset         0xbfc00000        0x8 d:/program files (x86)/microchip/xc32/v1.34/bin/bin/../../lib/gcc/pic32mx/4.5.2/../../../../pic32mx/lib/./proc/32MX250F128B/crt0_mips32r2.o
                0xbfc00000                _reset
 *(.reset.startup)
 .reset.startup
                0xbfc00008      0x1c4 d:/program files (x86)/microchip/xc32/v1.34/bin/bin/../../lib/gcc/pic32mx/4.5.2/../../../../pic32mx/lib/./proc/32MX250F128B/crt0_mips32r2.o

.bev_excpt      0xbfc00380       0x10
 *(.bev_handler)
 .bev_handler   0xbfc00380       0x10 d:/program files (x86)/microchip/xc32/v1.34/bin/bin/../../lib/gcc/pic32mx/4.5.2/../../../../pic32mx/lib/./proc/32MX250F128B/crt0_mips32r2.o

.dbg_excpt      0xbfc00480        0x0
                0xbfc00480                . = (. + DEFINED (_DEBUGGER)?0x8:0x0)

.dbg_code       0x9fc00490        0x0
                0x9fc00490                . = (. + DEFINED (_DEBUGGER)?_DBG_CODE_SIZE:0x0)

.app_excpt      0x9d01f180       0x10
 *(.gen_handler)
 .gen_handler   0x9d01f180       0x10 d:/program files (x86)/microchip/xc32/v1.34/bin/bin/../../lib/gcc/pic32mx/4.5.2/../../../../pic32mx/lib/./proc/32MX250F128B/crt0_mips32r2.o

.vector_0       0x9d01f200        0x8
 *(.vector_0)
 .vector_0      0x9d01f200        0x8 d:/program files (x86)/microchip/xc32/v1.34/bin/bin/../../lib/gcc/pic32mx/4.5.2/../../../../pic32mx/lib\libpic32.a(vector0.o)
                0x9d01f200                __vector_dispatch_0
                0x00000001                ASSERT (((_vector_spacing == 0x0) || (SIZEOF (.vector_0) <= (_vector_spacing << 0x5))), function at exception vector 0 too large)

.vector_1       0x9d01f220        0x8
 *(.vector_1)
 .vector_1      0x9d01f220        0x8 d:/program files (x86)/microchip/xc32/v1.34/bin/bin/../../lib/gcc/pic32mx/4.5.2/../../../../pic32mx/lib\libpic32.a(vector1.o)
                0x9d01f220                __vector_dispatch_1
                0x00000001                ASSERT (((_vector_spacing == 0x0) || (SIZEOF (.vector_1) <= (_vector_spacing << 0x5))), function at exception vector 1 too large)

.vector_2       0x9d01f240        0x8
 *(.vector_2)
 .vector_2      0x9d01f240        0x8 d:/program files (x86)/microchip/xc32/v1.34/bin/bin/../../lib/gcc/pic32mx/4.5.2/../../../../pic32mx/lib\libpic32.a(vector2.o)
                0x9d01f240                __vector_dispatch_2
                0x00000001                ASSERT (((_vector_spacing == 0x0) || (SIZEOF (.vector_2) <= (_vector_spacing << 0x5))), function at exception vector 2 too large)

.vector_3       0x9d01f260        0x8
 *(.vector_3)
 .vector_3      0x9d01f260        0x8 d:/program files (x86)/microchip/xc32/v1.34/bin/bin/../../lib/gcc/pic32mx/4.5.2/../../../../pic32mx/lib\libpic32.a(vector3.o)
                0x9d01f260                __vector_dispatch_3
                0x00000001                ASSERT (((_vector_spacing == 0x0) || (SIZEOF (.vector_3) <= (_vector_spacing << 0x5))), function at exception vector 3 too large)

.vector_4       0x9d01f280        0x8
 *(.vector_4)
 .vector_4      0x9d01f280        0x8 d:/program files (x86)/microchip/xc32/v1.34/bin/bin/../../lib/gcc/pic32mx/4.5.2/../../../../pic32mx/lib\libpic32.a(vector4.o)
                0x9d01f280                __vector_dispatch_4
                0x00000001                ASSERT (((_vector_spacing == 0x0) || (SIZEOF (.vector_4) <= (_vector_spacing << 0x5))), function at exception vector 4 too large)

.vector_5       0x9d01f2a0        0x8
 *(.vector_5)
 .vector_5      0x9d01f2a0        0x8 d:/program files (x86)/microchip/xc32/v1.34/bin/bin/../../lib/gcc/pic32mx/4.5.2/../../../../pic32mx/lib\libpic32.a(vector5.o)
                0x9d01f2a0                __vector_dispatch_5
                0x00000001                ASSERT (((_vector_spacing == 0x0) || (SIZEOF (.vector_5) <= (_vector_spacing << 0x5))), function at exception vector 5 too large)

.vector_6       0x9d01f2c0        0x8
 *(.vector_6)
 .vector_6      0x9d01f2c0        0x8 d:/program files (x86)/microchip/xc32/v1.34/bin/bin/../../lib/gcc/pic32mx/4.5.2/../../../../pic32mx/lib\libpic32.a(vector6.o)
                0x9d01f2c0                __vector_dispatch_6
                0x00000001                ASSERT (((_vector_spacing == 0x0) || (SIZEOF (.vector_6) <= (_vector_spacing << 0x5))), function at exception vector 6 too large)

.vector_7       0x9d01f2e0        0x8
 *(.vector_7)
 .vector_7      0x9d01f2e0        0x8 d:/program files (x86)/microchip/xc32/v1.34/bin/bin/../../lib/gcc/pic32mx/4.5.2/../../../../pic32mx/lib\libpic32.a(vector7.o)
                0x9d01f2e0                __vector_dispatch_7
                0x00000001                ASSERT (((_vector_spacing == 0x0) || (SIZEOF (.vector_7) <= (_vector_spacing << 0x5))), function at exception vector 7 too large)

.vector_8       0x9d01f300        0x8
 *(.vector_8)
 .vector_8      0x9d01f300        0x8 d:/program files (x86)/microchip/xc32/v1.34/bin/bin/../../lib/gcc/pic32mx/4.5.2/../../../../pic32mx/lib\libpic32.a(vector8.o)
                0x9d01f300                __vector_dispatch_8
                0x00000001                ASSERT (((_vector_spacing == 0x0) || (SIZEOF (.vector_8) <= (_vector_spacing << 0x5))), function at exception vector 8 too large)

.vector_9       0x9d01f320        0x8
 *(.vector_9)
 .vector_9      0x9d01f320        0x8 d:/program files (x86)/microchip/xc32/v1.34/bin/bin/../../lib/gcc/pic32mx/4.5.2/../../../../pic32mx/lib\libpic32.a(vector9.o)
                0x9d01f320                __vector_dispatch_9
                0x00000001                ASSERT (((_vector_spacing == 0x0) || (SIZEOF (.vector_9) <= (_vector_spacing << 0x5))), function at exception vector 9 too large)

.vector_10      0x9d01f340        0x8
 *(.vector_10)
 .vector_10     0x9d01f340        0x8 d:/program files (x86)/microchip/xc32/v1.34/bin/bin/../../lib/gcc/pic32mx/4.5.2/../../../../pic32mx/lib\libpic32.a(vector10.o)
                0x9d01f340                __vector_dispatch_10
                0x00000001                ASSERT (((_vector_spacing == 0x0) || (SIZEOF (.vector_10) <= (_vector_spacing << 0x5))), function at exception vector 10 too large)

.vector_11      0x9d01f360        0x8
 *(.vector_11)
 .vector_11     0x9d01f360        0x8 d:/program files (x86)/microchip/xc32/v1.34/bin/bin/../../lib/gcc/pic32mx/4.5.2/../../../../pic32mx/lib\libpic32.a(vector11.o)
                0x9d01f360                __vector_dispatch_11
                0x00000001                ASSERT (((_vector_spacing == 0x0) || (SIZEOF (.vector_11) <= (_vector_spacing << 0x5))), function at exception vector 11 too large)

.vector_12      0x9d01f380        0x8
 *(.vector_12)
 .vector_12     0x9d01f380        0x8 d:/program files (x86)/microchip/xc32/v1.34/bin/bin/../../lib/gcc/pic32mx/4.5.2/../../../../pic32mx/lib\libpic32.a(vector12.o)
                0x9d01f380                __vector_dispatch_12
                0x00000001                ASSERT (((_vector_spacing == 0x0) || (SIZEOF (.vector_12) <= (_vector_spacing << 0x5))), function at exception vector 12 too large)

.vector_13      0x9d01f3a0        0x8
 *(.vector_13)
 .vector_13     0x9d01f3a0        0x8 d:/program files (x86)/microchip/xc32/v1.34/bin/bin/../../lib/gcc/pic32mx/4.5.2/../../../../pic32mx/lib\libpic32.a(vector13.o)
                0x9d01f3a0                __vector_dispatch_13
                0x00000001                ASSERT (((_vector_spacing == 0x0) || (SIZEOF (.vector_13) <= (_vector_spacing << 0x5))), function at exception vector 13 too large)

.vector_14      0x9d01f3c0        0x8
 *(.vector_14)
 .vector_14     0x9d01f3c0        0x8 d:/program files (x86)/microchip/xc32/v1.34/bin/bin/../../lib/gcc/pic32mx/4.5.2/../../../../pic32mx/lib\libpic32.a(vector14.o)
                0x9d01f3c0                __vector_dispatch_14
                0x00000001                ASSERT (((_vector_spacing == 0x0) || (SIZEOF (.vector_14) <= (_vector_spacing << 0x5))), function at exception vector 14 too large)

.vector_15      0x9d01f3e0        0x8
 *(.vector_15)
 .vector_15     0x9d01f3e0        0x8 d:/program files (x86)/microchip/xc32/v1.34/bin/bin/../../lib/gcc/pic32mx/4.5.2/../../../../pic32mx/lib\libpic32.a(vector15.o)
                0x9d01f3e0                __vector_dispatch_15
                0x00000001                ASSERT (((_vector_spacing == 0x0) || (SIZEOF (.vector_15) <= (_vector_spacing << 0x5))), function at exception vector 15 too large)

.vector_16      0x9d01f400        0x8
 *(.vector_16)
 .vector_16     0x9d01f400        0x8 d:/program files (x86)/microchip/xc32/v1.34/bin/bin/../../lib/gcc/pic32mx/4.5.2/../../../../pic32mx/lib\libpic32.a(vector16.o)
                0x9d01f400                __vector_dispatch_16
                0x00000001                ASSERT (((_vector_spacing == 0x0) || (SIZEOF (.vector_16) <= (_vector_spacing << 0x5))), function at exception vector 16 too large)

.vector_17      0x9d01f420        0x8
 *(.vector_17)
 .vector_17     0x9d01f420        0x8 d:/program files (x86)/microchip/xc32/v1.34/bin/bin/../../lib/gcc/pic32mx/4.5.2/../../../../pic32mx/lib\libpic32.a(vector17.o)
                0x9d01f420                __vector_dispatch_17
                0x00000001                ASSERT (((_vector_spacing == 0x0) || (SIZEOF (.vector_17) <= (_vector_spacing << 0x5))), function at exception vector 17 too large)

.vector_18      0x9d01f440        0x8
 *(.vector_18)
 .vector_18     0x9d01f440        0x8 d:/program files (x86)/microchip/xc32/v1.34/bin/bin/../../lib/gcc/pic32mx/4.5.2/../../../../pic32mx/lib\libpic32.a(vector18.o)
                0x9d01f440                __vector_dispatch_18
                0x00000001                ASSERT (((_vector_spacing == 0x0) || (SIZEOF (.vector_18) <= (_vector_spacing << 0x5))), function at exception vector 18 too large)

.vector_19      0x9d01f460        0x8
 *(.vector_19)
 .vector_19     0x9d01f460        0x8 d:/program files (x86)/microchip/xc32/v1.34/bin/bin/../../lib/gcc/pic32mx/4.5.2/../../../../pic32mx/lib\libpic32.a(vector19.o)
                0x9d01f460                __vector_dispatch_19
                0x00000001                ASSERT (((_vector_spacing == 0x0) || (SIZEOF (.vector_19) <= (_vector_spacing << 0x5))), function at exception vector 19 too large)

.vector_20      0x9d01f480        0x8
 *(.vector_20)
 .vector_20     0x9d01f480        0x8 build/default/production/sources/main.o
                0x9d01f480                __vector_dispatch_20
                0x00000001                ASSERT (((_vector_spacing == 0x0) || (SIZEOF (.vector_20) <= (_vector_spacing << 0x5))), function at exception vector 20 too large)

.vector_21      0x9d01f4a0        0x8
 *(.vector_21)
 .vector_21     0x9d01f4a0        0x8 d:/program files (x86)/microchip/xc32/v1.34/bin/bin/../../lib/gcc/pic32mx/4.5.2/../../../../pic32mx/lib\libpic32.a(vector21.o)
                0x9d01f4a0                __vector_dispatch_21
                0x00000001                ASSERT (((_vector_spacing == 0x0) || (SIZEOF (.vector_21) <= (_vector_spacing << 0x5))), function at exception vector 21 too large)

.vector_22      0x9d01f4c0        0x8
 *(.vector_22)
 .vector_22     0x9d01f4c0        0x8 d:/program files (x86)/microchip/xc32/v1.34/bin/bin/../../lib/gcc/pic32mx/4.5.2/../../../../pic32mx/lib\libpic32.a(vector22.o)
                0x9d01f4c0                __vector_dispatch_22
                0x00000001                ASSERT (((_vector_spacing == 0x0) || (SIZEOF (.vector_22) <= (_vector_spacing << 0x5))), function at exception vector 22 too large)

.vector_23      0x9d01f4e0        0x8
 *(.vector_23)
 .vector_23     0x9d01f4e0        0x8 d:/program files (x86)/microchip/xc32/v1.34/bin/bin/../../lib/gcc/pic32mx/4.5.2/../../../../pic32mx/lib\libpic32.a(vector23.o)
                0x9d01f4e0                __vector_dispatch_23
                0x00000001                ASSERT (((_vector_spacing == 0x0) || (SIZEOF (.vector_23) <= (_vector_spacing << 0x5))), function at exception vector 23 too large)

.vector_24      0x9d01f500        0x8
 *(.vector_24)
 .vector_24     0x9d01f500        0x8 d:/program files (x86)/microchip/xc32/v1.34/bin/bin/../../lib/gcc/pic32mx/4.5.2/../../../../pic32mx/lib\libpic32.a(vector24.o)
                0x9d01f500                __vector_dispatch_24
                0x00000001                ASSERT (((_vector_spacing == 0x0) || (SIZEOF (.vector_24) <= (_vector_spacing << 0x5))), function at exception vector 24 too large)

.vector_25      0x9d01f520        0x8
 *(.vector_25)
 .vector_25     0x9d01f520        0x8 d:/program files (x86)/microchip/xc32/v1.34/bin/bin/../../lib/gcc/pic32mx/4.5.2/../../../../pic32mx/lib\libpic32.a(vector25.o)
                0x9d01f520                __vector_dispatch_25
                0x00000001                ASSERT (((_vector_spacing == 0x0) || (SIZEOF (.vector_25) <= (_vector_spacing << 0x5))), function at exception vector 25 too large)

.vector_26      0x9d01f540        0x8
 *(.vector_26)
 .vector_26     0x9d01f540        0x8 d:/program files (x86)/microchip/xc32/v1.34/bin/bin/../../lib/gcc/pic32mx/4.5.2/../../../../pic32mx/lib\libpic32.a(vector26.o)
                0x9d01f540                __vector_dispatch_26
                0x00000001                ASSERT (((_vector_spacing == 0x0) || (SIZEOF (.vector_26) <= (_vector_spacing << 0x5))), function at exception vector 26 too large)

.vector_27      0x9d01f560        0x8
 *(.vector_27)
 .vector_27     0x9d01f560        0x8 d:/program files (x86)/microchip/xc32/v1.34/bin/bin/../../lib/gcc/pic32mx/4.5.2/../../../../pic32mx/lib\libpic32.a(vector27.o)
                0x9d01f560                __vector_dispatch_27
                0x00000001                ASSERT (((_vector_spacing == 0x0) || (SIZEOF (.vector_27) <= (_vector_spacing << 0x5))), function at exception vector 27 too large)

.vector_28      0x9d01f580        0x8
 *(.vector_28)
 .vector_28     0x9d01f580        0x8 d:/program files (x86)/microchip/xc32/v1.34/bin/bin/../../lib/gcc/pic32mx/4.5.2/../../../../pic32mx/lib\libpic32.a(vector28.o)
                0x9d01f580                __vector_dispatch_28
                0x00000001                ASSERT (((_vector_spacing == 0x0) || (SIZEOF (.vector_28) <= (_vector_spacing << 0x5))), function at exception vector 28 too large)

.vector_29      0x9d01f5a0        0x8
 *(.vector_29)
 .vector_29     0x9d01f5a0        0x8 d:/program files (x86)/microchip/xc32/v1.34/bin/bin/../../lib/gcc/pic32mx/4.5.2/../../../../pic32mx/lib\libpic32.a(vector29.o)
                0x9d01f5a0                __vector_dispatch_29
                0x00000001                ASSERT (((_vector_spacing == 0x0) || (SIZEOF (.vector_29) <= (_vector_spacing << 0x5))), function at exception vector 29 too large)

.vector_30      0x9d01f5c0        0x8
 *(.vector_30)
 .vector_30     0x9d01f5c0        0x8 build/default/production/sources/usb/usb_device.o
                0x9d01f5c0                __vector_dispatch_30
                0x00000001                ASSERT (((_vector_spacing == 0x0) || (SIZEOF (.vector_30) <= (_vector_spacing << 0x5))), function at exception vector 30 too large)

.vector_31      0x9d01f5e0        0x8
 *(.vector_31)
 .vector_31     0x9d01f5e0        0x8 d:/program files (x86)/microchip/xc32/v1.34/bin/bin/../../lib/gcc/pic32mx/4.5.2/../../../../pic32mx/lib\libpic32.a(vector31.o)
                0x9d01f5e0                __vector_dispatch_31
                0x00000001                ASSERT (((_vector_spacing == 0x0) || (SIZEOF (.vector_31) <= (_vector_spacing << 0x5))), function at exception vector 31 too large)

.vector_32      0x9d01f600        0x8
 *(.vector_32)
 .vector_32     0x9d01f600        0x8 d:/program files (x86)/microchip/xc32/v1.34/bin/bin/../../lib/gcc/pic32mx/4.5.2/../../../../pic32mx/lib\libpic32.a(vector32.o)
                0x9d01f600                __vector_dispatch_32
                0x00000001                ASSERT (((_vector_spacing == 0x0) || (SIZEOF (.vector_32) <= (_vector_spacing << 0x5))), function at exception vector 32 too large)

.vector_33      0x9d01f620        0x8
 *(.vector_33)
 .vector_33     0x9d01f620        0x8 d:/program files (x86)/microchip/xc32/v1.34/bin/bin/../../lib/gcc/pic32mx/4.5.2/../../../../pic32mx/lib\libpic32.a(vector33.o)
                0x9d01f620                __vector_dispatch_33
                0x00000001                ASSERT (((_vector_spacing == 0x0) || (SIZEOF (.vector_33) <= (_vector_spacing << 0x5))), function at exception vector 33 too large)

.vector_34      0x9d01f640        0x8
 *(.vector_34)
 .vector_34     0x9d01f640        0x8 d:/program files (x86)/microchip/xc32/v1.34/bin/bin/../../lib/gcc/pic32mx/4.5.2/../../../../pic32mx/lib\libpic32.a(vector34.o)
                0x9d01f640                __vector_dispatch_34
                0x00000001                ASSERT (((_vector_spacing == 0x0) || (SIZEOF (.vector_34) <= (_vector_spacing << 0x5))), function at exception vector 34 too large)

.vector_35      0x9d01f660        0x8
 *(.vector_35)
 .vector_35     0x9d01f660        0x8 d:/program files (x86)/microchip/xc32/v1.34/bin/bin/../../lib/gcc/pic32mx/4.5.2/../../../../pic32mx/lib\libpic32.a(vector35.o)
                0x9d01f660                __vector_dispatch_35
                0x00000001                ASSERT (((_vector_spacing == 0x0) || (SIZEOF (.vector_35) <= (_vector_spacing << 0x5))), function at exception vector 35 too large)

.vector_36      0x9d01f680        0x8
 *(.vector_36)
 .vector_36     0x9d01f680        0x8 d:/program files (x86)/microchip/xc32/v1.34/bin/bin/../../lib/gcc/pic32mx/4.5.2/../../../../pic32mx/lib\libpic32.a(vector36.o)
                0x9d01f680                __vector_dispatch_36
                0x00000001                ASSERT (((_vector_spacing == 0x0) || (SIZEOF (.vector_36) <= (_vector_spacing << 0x5))), function at exception vector 36 too large)

.vector_37      0x9d01f6a0        0x8
 *(.vector_37)
 .vector_37     0x9d01f6a0        0x8 d:/program files (x86)/microchip/xc32/v1.34/bin/bin/../../lib/gcc/pic32mx/4.5.2/../../../../pic32mx/lib\libpic32.a(vector37.o)
                0x9d01f6a0                __vector_dispatch_37
                0x00000001                ASSERT (((_vector_spacing == 0x0) || (SIZEOF (.vector_37) <= (_vector_spacing << 0x5))), function at exception vector 37 too large)

.vector_38      0x9d01f6c0        0x8
 *(.vector_38)
 .vector_38     0x9d01f6c0        0x8 d:/program files (x86)/microchip/xc32/v1.34/bin/bin/../../lib/gcc/pic32mx/4.5.2/../../../../pic32mx/lib\libpic32.a(vector38.o)
                0x9d01f6c0                __vector_dispatch_38
                0x00000001                ASSERT (((_vector_spacing == 0x0) || (SIZEOF (.vector_38) <= (_vector_spacing << 0x5))), function at exception vector 38 too large)

.vector_39      0x9d01f6e0        0x8
 *(.vector_39)
 .vector_39     0x9d01f6e0        0x8 d:/program files (x86)/microchip/xc32/v1.34/bin/bin/../../lib/gcc/pic32mx/4.5.2/../../../../pic32mx/lib\libpic32.a(vector39.o)
                0x9d01f6e0                __vector_dispatch_39
                0x00000001                ASSERT (((_vector_spacing == 0x0) || (SIZEOF (.vector_39) <= (_vector_spacing << 0x5))), function at exception vector 39 too large)

.vector_40      0x9d01f700        0x8
 *(.vector_40)
 .vector_40     0x9d01f700        0x8 d:/program files (x86)/microchip/xc32/v1.34/bin/bin/../../lib/gcc/pic32mx/4.5.2/../../../../pic32mx/lib\libpic32.a(vector40.o)
                0x9d01f700                __vector_dispatch_40
                0x00000001                ASSERT (((_vector_spacing == 0x0) || (SIZEOF (.vector_40) <= (_vector_spacing << 0x5))), function at exception vector 40 too large)

.vector_41      0x9d01f720        0x8
 *(.vector_41)
 .vector_41     0x9d01f720        0x8 d:/program files (x86)/microchip/xc32/v1.34/bin/bin/../../lib/gcc/pic32mx/4.5.2/../../../../pic32mx/lib\libpic32.a(vector41.o)
                0x9d01f720                __vector_dispatch_41
                0x00000001                ASSERT (((_vector_spacing == 0x0) || (SIZEOF (.vector_41) <= (_vector_spacing << 0x5))), function at exception vector 41 too large)

.vector_42      0x9d01f740        0x8
 *(.vector_42)
 .vector_42     0x9d01f740        0x8 d:/program files (x86)/microchip/xc32/v1.34/bin/bin/../../lib/gcc/pic32mx/4.5.2/../../../../pic32mx/lib\libpic32.a(vector42.o)
                0x9d01f740                __vector_dispatch_42
                0x00000001                ASSERT (((_vector_spacing == 0x0) || (SIZEOF (.vector_42) <= (_vector_spacing << 0x5))), function at exception vector 42 too large)

.vector_43      0x9d01f760        0x8
 *(.vector_43)
 .vector_43     0x9d01f760        0x8 d:/program files (x86)/microchip/xc32/v1.34/bin/bin/../../lib/gcc/pic32mx/4.5.2/../../../../pic32mx/lib\libpic32.a(vector43.o)
                0x9d01f760                __vector_dispatch_43
                0x00000001                ASSERT (((_vector_spacing == 0x0) || (SIZEOF (.vector_43) <= (_vector_spacing << 0x5))), function at exception vector 43 too large)

.vector_44      0x9d01f780        0x0
 *(.vector_44)
                0x00000001                ASSERT (((_vector_spacing == 0x0) || (SIZEOF (.vector_44) <= (_vector_spacing << 0x5))), function at exception vector 44 too large)

.vector_45      0x9d01f7a0        0x0
 *(.vector_45)
                0x00000001                ASSERT (((_vector_spacing == 0x0) || (SIZEOF (.vector_45) <= (_vector_spacing << 0x5))), function at exception vector 45 too large)

.vector_46      0x9d01f7c0        0x0
 *(.vector_46)
                0x00000001                ASSERT (((_vector_spacing == 0x0) || (SIZEOF (.vector_46) <= (_vector_spacing << 0x5))), function at exception vector 46 too large)

.vector_47      0x9d01f7e0        0x0
 *(.vector_47)
                0x00000001                ASSERT (((_vector_spacing == 0x0) || (SIZEOF (.vector_47) <= (_vector_spacing << 0x5))), function at exception vector 47 too large)

.vector_48      0x9d01f800        0x0
 *(.vector_48)
                0x00000001                ASSERT (((_vector_spacing == 0x0) || (SIZEOF (.vector_48) <= (_vector_spacing << 0x5))), function at exception vector 48 too large)

.vector_49      0x9d01f820        0x0
 *(.vector_49)
                0x00000001                ASSERT (((_vector_spacing == 0x0) || (SIZEOF (.vector_49) <= (_vector_spacing << 0x5))), function at exception vector 49 too large)

.vector_50      0x9d01f840        0x0
 *(.vector_50)
                0x00000001                ASSERT (((_vector_spacing == 0x0) || (SIZEOF (.vector_50) <= (_vector_spacing << 0x5))), function at exception vector 50 too large)

.vector_51      0x9d01f860        0x0
 *(.vector_51)
                0x00000001                ASSERT (((_vector_spacing == 0x0) || (SIZEOF (.vector_51) <= (_vector_spacing << 0x5))), function at exception vector 51 too large)

.vector_52      0x9d01f880        0x0
 *(.vector_52)
                0x00000001                ASSERT (((_vector_spacing == 0x0) || (SIZEOF (.vector_52) <= (_vector_spacing << 0x5))), function at exception vector 52 too large)

.vector_53      0x9d01f8a0        0x0
 *(.vector_53)
                0x00000001                ASSERT (((_vector_spacing == 0x0) || (SIZEOF (.vector_53) <= (_vector_spacing << 0x5))), function at exception vector 53 too large)

.vector_54      0x9d01f8c0        0x0
 *(.vector_54)
                0x00000001                ASSERT (((_vector_spacing == 0x0) || (SIZEOF (.vector_54) <= (_vector_spacing << 0x5))), function at exception vector 54 too large)

.vector_55      0x9d01f8e0        0x0
 *(.vector_55)
                0x00000001                ASSERT (((_vector_spacing == 0x0) || (SIZEOF (.vector_55) <= (_vector_spacing << 0x5))), function at exception vector 55 too large)

.vector_56      0x9d01f900        0x0
 *(.vector_56)
                0x00000001                ASSERT (((_vector_spacing == 0x0) || (SIZEOF (.vector_56) <= (_vector_spacing << 0x5))), function at exception vector 56 too large)

.vector_57      0x9d01f920        0x0
 *(.vector_57)
                0x00000001                ASSERT (((_vector_spacing == 0x0) || (SIZEOF (.vector_57) <= (_vector_spacing << 0x5))), function at exception vector 57 too large)

.vector_58      0x9d01f940        0x0
 *(.vector_58)
                0x00000001                ASSERT (((_vector_spacing == 0x0) || (SIZEOF (.vector_58) <= (_vector_spacing << 0x5))), function at exception vector 58 too large)

.vector_59      0x9d01f960        0x0
 *(.vector_59)
                0x00000001                ASSERT (((_vector_spacing == 0x0) || (SIZEOF (.vector_59) <= (_vector_spacing << 0x5))), function at exception vector 59 too large)

.vector_60      0x9d01f980        0x0
 *(.vector_60)
                0x00000001                ASSERT (((_vector_spacing == 0x0) || (SIZEOF (.vector_60) <= (_vector_spacing << 0x5))), function at exception vector 60 too large)

.vector_61      0x9d01f9a0        0x0
 *(.vector_61)
                0x00000001                ASSERT (((_vector_spacing == 0x0) || (SIZEOF (.vector_61) <= (_vector_spacing << 0x5))), function at exception vector 61 too large)

.vector_62      0x9d01f9c0        0x0
 *(.vector_62)
                0x00000001                ASSERT (((_vector_spacing == 0x0) || (SIZEOF (.vector_62) <= (_vector_spacing << 0x5))), function at exception vector 62 too large)

.vector_63      0x9d01f9e0        0x0
 *(.vector_63)
                0x00000001                ASSERT (((_vector_spacing == 0x0) || (SIZEOF (.vector_63) <= (_vector_spacing << 0x5))), function at exception vector 63 too large)

.startup
 *(.startup)

.text           0x9d000000        0x0
 *(.stub .gnu.linkonce.t.*)
 *(.text.*personality*)
 *(.mips16.fn.*)
 *(.mips16.call.*)
 *(.gnu.warning)
                0x9d000000                . = ALIGN (0x4)

.init           0x9d000000        0x0
 *crti.o(.init)
 *crtbegin.o(.init)
 *(EXCLUDE_FILE(*crtn.o *crtend?.o *crtend.o) .init)
 *crtend.o(.init)
 *crtn.o(.init)
                0x9d000000                . = ALIGN (0x4)

.fini           0x9d000000        0x0
 *(.fini)
                0x9d000000                . = ALIGN (0x4)

.preinit_array  0x9d000000        0x0
                0x9d000000                PROVIDE (__preinit_array_start, .)
 *(.preinit_array)
                0x9d000000                PROVIDE (__preinit_array_end, .)
                0x9d000000                . = ALIGN (0x4)

.init_array     0x9d000000        0x0
                0x9d000000                PROVIDE (__init_array_start, .)
 *(SORT(.init_array.*))
 *(.init_array)
                0x9d000000                PROVIDE (__init_array_end, .)
                0x9d000000                . = ALIGN (0x4)

.fini_array     0x9d000000        0x0
                0x9d000000                PROVIDE (__fini_array_start, .)
 *(SORT(.fini_array.*))
 *(.fini_array)
                0x9d000000                PROVIDE (__fini_array_end, .)
                0x9d000000                . = ALIGN (0x4)

.ctors          0x9d000000        0x0
 *crtbegin.o(.ctors)
 *crtbegin?.o(.ctors)
 *(EXCLUDE_FILE(*crtend?.o *crtend.o) .ctors)
 *(SORT(.ctors.*))
 *(.ctors)
                0x9d000000                . = ALIGN (0x4)

.dtors          0x9d000000        0x0
 *crtbegin.o(.dtors)
 *crtbegin?.o(.dtors)
 *(EXCLUDE_FILE(*crtend?.o *crtend.o) .dtors)
 *(SORT(.dtors.*))
 *(.dtors)
                0x9d000000                . = ALIGN (0x4)

.rodata         0x9d000000        0x0
 *(.gnu.linkonce.r.*)
 *(.rodata1)
                0x9d000000                . = ALIGN (0x4)

.sdata2         0x9fc00490        0x0
 *(.sdata2 .sdata2.* .gnu.linkonce.s2.*)
                0x9fc00490                . = ALIGN (0x4)

.sbss2          0x9fc00490        0x0
 *(.sbss2 .sbss2.* .gnu.linkonce.sb2.*)
                0x9fc00490                . = ALIGN (0x4)

.eh_frame_hdr
 *(.eh_frame_hdr)
                0x9fc00490                . = ALIGN (0x4)

.eh_frame
 *(.eh_frame)
                0x9fc00490                . = ALIGN (0x4)

.gcc_except_table
 *(.gcc_except_table .gcc_except_table.*)
                0x9fc00490                . = ALIGN (0x4)

.dbg_data       0xa0000000        0x0
                0xa0000000                . = (. + DEFINED (_DEBUGGER)?0x200:0x0)

.jcr            0xa0000000        0x0
 *(.jcr)
                0xa0000000                . = ALIGN (0x4)

.eh_frame       0xa0000000       0x30
 *(.eh_frame)
 .eh_frame      0xa0000000       0x20 d:/program files (x86)/microchip/xc32/v1.34/bin/bin/../../lib/gcc/pic32mx/4.5.2\libgcc.a(_udivdi3.o)
 .eh_frame      0xa0000020       0x10 d:/program files (x86)/microchip/xc32/v1.34/bin/bin/../../lib/gcc/pic32mx/4.5.2\libgcc.a(_umoddi3.o)
                0xa0000030                . = ALIGN (0x4)

.gcc_except_table
 *(.gcc_except_table .gcc_except_table.*)
                0xa0000030                . = ALIGN (0x4)

.persist        0xa0000030        0x0
                0xa0000030                _persist_begin = .
 *(.persist .persist.*)
 *(.pbss .pbss.*)
                0xa0000030                . = ALIGN (0x4)
                0xa0000030                _persist_end = .

.data           0xa0000030        0x0
 *(.gnu.linkonce.d.*)
 *(.data1)
                0xa0000030                . = ALIGN (0x4)
                0xa0000030                . = .
                0xa0008020                _gp = (ALIGN (0x10) + 0x7ff0)

.got            0xa0000030        0x0
 *(.got.plt)
 *(.got)
                0xa0000030                . = ALIGN (0x4)

.sdata          0xa0000030        0xc
                0xa0000030                _sdata_begin = .
 *(.sdata .sdata.* .gnu.linkonce.s.*)
 .sdata         0xa0000030        0x4 build/default/production/sources/main.o
 .sdata         0xa0000034        0x4 d:/program files (x86)/microchip/xc32/v1.34/bin/bin/../../lib/gcc/pic32mx/4.5.2/../../../../pic32mx/lib\libpic32.a(xc32_uart.o)
                0xa0000034                __XC_UART
 .sdata         0xa0000038        0x4 d:/program files (x86)/microchip/xc32/v1.34/bin/bin/../../lib/gcc/pic32mx/4.5.2/../../../../pic32mx/lib\libc.a(_iob.o)
                0xa0000038                _Files
                0xa000003c                . = ALIGN (0x4)
                0xa000003c                _sdata_end = .

.lit8
 *(.lit8)

.lit4
 *(.lit4)
                0xa000003c                . = ALIGN (0x4)
                0xa000003c                _data_end = .
                0xa000003c                _bss_begin = .

.sbss           0xa000003c       0xf0
                0xa000003c                _sbss_begin = .
 *(.dynsbss)
 *(.sbss .sbss.* .gnu.linkonce.sb.*)
 .sbss          0xa000003c        0x6 build/default/production/sources/usb_main.o
                0xa000003c                RS232_Out_Data_Rdy
 *fill*         0xa0000042        0x2 
 .sbss          0xa0000044       0x30 build/default/production/sources/main.o
 .sbss          0xa0000074        0x1 d:/program files (x86)/microchip/xc32/v1.34/bin/bin/../../lib/gcc/pic32mx/4.5.2/../../../../pic32mx/lib\libc.a(_iob.o)
                0xa0000074                _outdone
 *(.scommon)
 *fill*         0xa0000075        0x3 
 .scommon       0xa0000078        0xc build/default/production/sources/usb_main.o
                0xa0000078                lastTransmission
                0xa000007c                NextUSBOut
                0xa000007e                writeIndex
                0xa0000080                LastRS232Out
                0xa0000081                RS232cp
                0xa0000082                readIndex
 .scommon       0xa0000084       0x5c build/default/production/sources/usb/usb_device.o
                0xa0000084                pDst
                0xa0000088                USBDeferINDataStagePackets
                0xa000008c                CtrlTrfData
                0xa0000094                USBDeferOUTDataStagePackets
                0xa0000098                USBDeviceState
                0xa000009c                controlTransferState
                0xa000009d                endpoint_number
                0xa00000a0                ep_data_out
                0xa00000a4                USBStatusStageEnabledFlag1
                0xa00000a8                USBStatusStageEnabledFlag2
                0xa00000ac                BothEP0OutUOWNsSet
                0xa00000b0                pBDTEntryEP0OutNext
                0xa00000b4                USBBusIsSuspended
                0xa00000b8                USBStatusStageTimeoutCounter
                0xa00000bc                SetupPkt
                0xa00000c4                ep_data_in
                0xa00000c7                shortPacketStatus
                0xa00000c8                pBDTEntryEP0OutCurrent
                0xa00000cc                USBActiveConfiguration
                0xa00000d0                RemoteWakeup
                0xa00000d4                USTATcopy
                0xa00000d8                USBAlternateInterface
                0xa00000dc                USBDeferStatusStagePacket
 .scommon       0xa00000e0       0x38 build/default/production/sources/usb/usb_function_cdc.o
                0xa00000e0                control_signal_bitmap
                0xa00000e4                cdc_tx_len
                0xa00000e8                pCDCSrc
                0xa00000ec                CDCDataOutHandle
                0xa00000f0                cdc_rx_len
                0xa00000f4                line_coding
                0xa00000fc                BaudRateGen
                0xa0000100                CDCDataInHandle
                0xa0000104                cdc_trf_state
                0xa0000108                pCDCDst
                0xa000010c                cdc_mem_type
                0xa0000110                dummy_encapsulated_cmd_response
 .scommon       0xa0000118       0x11 build/default/production/sources/main.o
                0xa0000118                num_send_chars
                0xa000011c                time_tick_millsec
                0xa0000120                num_char
                0xa0000124                CVRCON_setup
                0xa0000128                enc_read
                0xa0000129                _sbss_end = .
                0xa000012c                . = ALIGN (0x4)
 *fill*         0xa0000129        0x3 

.bss            0xa0000200      0x3a0
 *(.dynbss)
 *(COMMON)
 COMMON         0xa0000200      0x180 build/default/production/sources/usb_main.o
                0xa0000200                RS232_Out_Data
                0xa0000240                readBuffer
                0xa0000340                USB_Out_Buffer
 *fill*         0xa0000380       0x80 
 COMMON         0xa0000400       0x93 build/default/production/sources/usb/usb_device.o
                0xa0000400                BDT
                0xa0000460                inPipes
                0xa0000470                pBDTEntryIn
                0xa000047c                pBDTEntryOut
                0xa0000488                outPipes
 *fill*         0xa0000493        0x1 
 COMMON         0xa0000494       0x8a build/default/production/sources/usb/usb_function_cdc.o
                0xa0000494                cdc_data_tx
                0xa00004d4                cdc_data_rx
                0xa0000514                cdc_notice
 *fill*         0xa000051e        0x2 
 COMMON         0xa0000520       0x80 build/default/production/sources/main.o
                0xa0000520                PT_send_buffer
                0xa0000560                PT_term_buffer
                0xa00005a0                . = ALIGN ((. != 0x0)?0x4:0x1)
                0xa00005a0                . = ALIGN (0x4)
                0xa00005a0                _end = .
                0xa00005a0                _bss_end = .
                0x00008000                _bmxdudba_address = 0x8000
                0x00008000                _bmxdupba_address = 0x8000

/DISCARD/
 *(.pdr)
 *(.rel.dyn)
 *(.note.GNU-stack)
 *(.note.GNU-stack)
 *(.gnu_debuglink)
 *(.gnu.lto_*)
 *(.discard)

.gptab.sdata
 *(.gptab.data)
 *(.gptab.sdata)

.gptab.sbss
 *(.gptab.bss)
 *(.gptab.sbss)

.mdebug.abi32   0xa00005a0        0x0
 *(.mdebug.abi32)
 .mdebug.abi32  0xa00005a0        0x0 build/default/production/sources/usb_main.o
 .mdebug.abi32  0xa00005a0        0x0 build/default/production/sources/usb/usb_descriptors.o
 .mdebug.abi32  0xa00005a0        0x0 build/default/production/sources/usb/usb_device.o
 .mdebug.abi32  0xa00005a0        0x0 build/default/production/sources/usb/usb_function_cdc.o
 .mdebug.abi32  0xa00005a0        0x0 build/default/production/sources/main.o
 .mdebug.abi32  0xa00005a0        0x0 build/default/production/sources/R2Protocol.o
 .mdebug.abi32  0xa00005a0        0x0 d:/program files (x86)/microchip/xc32/v1.34/bin/bin/../../lib/gcc/pic32mx/4.5.2/../../../../pic32mx/lib\libmchp_peripheral_32MX250F128B.a(int_enable_interrupts_lib.o)
 .mdebug.abi32  0xa00005a0        0x0 d:/program files (x86)/microchip/xc32/v1.34/bin/bin/../../lib/gcc/pic32mx/4.5.2/../../../../pic32mx/lib\libmchp_peripheral_32MX250F128B.a(int_disable_interrupts_lib.o)
 .mdebug.abi32  0xa00005a0        0x0 d:/program files (x86)/microchip/xc32/v1.34/bin/bin/../../lib/gcc/pic32mx/4.5.2/../../../../pic32mx/lib\libmchp_peripheral_32MX250F128B.a(int_restore_interrupts_lib.o)
 .mdebug.abi32  0xa00005a0        0x0 d:/program files (x86)/microchip/xc32/v1.34/bin/bin/../../lib/gcc/pic32mx/4.5.2/../../../../pic32mx/lib\libmchp_peripheral_32MX250F128B.a(int_enable_mv_int_lib.o)
 .mdebug.abi32  0xa00005a0        0x0 d:/program files (x86)/microchip/xc32/v1.34/bin/bin/../../lib/gcc/pic32mx/4.5.2/../../../../pic32mx/lib\libmchp_peripheral_32MX250F128B.a(int_tbl_lib.o)
 .mdebug.abi32  0xa00005a0        0x0 d:/program files (x86)/microchip/xc32/v1.34/bin/bin/../../lib/gcc/pic32mx/4.5.2/../../../../pic32mx/lib\libmchp_peripheral_32MX250F128B.a(spi_chn_open_lib.o)
 .mdebug.abi32  0xa00005a0        0x0 d:/program files (x86)/microchip/xc32/v1.34/bin/bin/../../lib/gcc/pic32mx/4.5.2/../../../../pic32mx/lib\libmchp_peripheral_32MX250F128B.a(spi_map_tbl_libp.o)
 .mdebug.abi32  0xa00005a0        0x0 d:/program files (x86)/microchip/xc32/v1.34/bin/bin/../../lib/gcc/pic32mx/4.5.2/../../../../pic32mx/lib\libmchp_peripheral_32MX250F128B.a(dma_chn_enable_lib.o)
 .mdebug.abi32  0xa00005a0        0x0 d:/program files (x86)/microchip/xc32/v1.34/bin/bin/../../lib/gcc/pic32mx/4.5.2/../../../../pic32mx/lib\libmchp_peripheral_32MX250F128B.a(dma_chn_get_ev_flags_lib.o)
 .mdebug.abi32  0xa00005a0        0x0 d:/program files (x86)/microchip/xc32/v1.34/bin/bin/../../lib/gcc/pic32mx/4.5.2/../../../../pic32mx/lib\libmchp_peripheral_32MX250F128B.a(dma_reg_map_tbl_lib.o)
 .mdebug.abi32  0xa00005a0        0x0 d:/program files (x86)/microchip/xc32/v1.34/bin/bin/../../lib/gcc/pic32mx/4.5.2/../../../../pic32mx/lib\libmchp_peripheral_32MX250F128B.a(uart_lib.o)
 .mdebug.abi32  0xa00005a0        0x0 d:/program files (x86)/microchip/xc32/v1.34/bin/bin/../../lib/gcc/pic32mx/4.5.2/../../../../pic32mx/lib\libpic32.a(default-bootstrap-exception-handler.o)
 .mdebug.abi32  0xa00005a0        0x0 d:/program files (x86)/microchip/xc32/v1.34/bin/bin/../../lib/gcc/pic32mx/4.5.2/../../../../pic32mx/lib\libpic32.a(default-on-reset.o)
 .mdebug.abi32  0xa00005a0        0x0 d:/program files (x86)/microchip/xc32/v1.34/bin/bin/../../lib/gcc/pic32mx/4.5.2/../../../../pic32mx/lib\libpic32.a(default-on-bootstrap.o)
 .mdebug.abi32  0xa00005a0        0x0 d:/program files (x86)/microchip/xc32/v1.34/bin/bin/../../lib/gcc/pic32mx/4.5.2/../../../../pic32mx/lib\libpic32.a(xc32_uart.o)
 .mdebug.abi32  0xa00005a0        0x0 d:/program files (x86)/microchip/xc32/v1.34/bin/bin/../../lib/gcc/pic32mx/4.5.2/../../../../pic32mx/lib\libpic32.a(default-general-exception-handler.o)
 .mdebug.abi32  0xa00005a0        0x0 d:/program files (x86)/microchip/xc32/v1.34/bin/bin/../../lib/gcc/pic32mx/4.5.2/../../../../pic32mx/lib\libpic32.a(defaultinterrupt.o)
 .mdebug.abi32  0xa00005a0        0x0 d:/program files (x86)/microchip/xc32/v1.34/bin/bin/../../lib/gcc/pic32mx/4.5.2/../../../../pic32mx/lib\libc.a(puts.o)
 .mdebug.abi32  0xa00005a0        0x0 d:/program files (x86)/microchip/xc32/v1.34/bin/bin/../../lib/gcc/pic32mx/4.5.2/../../../../pic32mx/lib\libc.a(strncpy.o)
 .mdebug.abi32  0xa00005a0        0x0 d:/program files (x86)/microchip/xc32/v1.34/bin/bin/../../lib/gcc/pic32mx/4.5.2/../../../../pic32mx/lib\libc.a(strstr.o)
 .mdebug.abi32  0xa00005a0        0x0 d:/program files (x86)/microchip/xc32/v1.34/bin/bin/../../lib/gcc/pic32mx/4.5.2/../../../../pic32mx/lib\libc.a(printf_cdnopuxX.eo)
 .mdebug.abi32  0xa00005a0        0x0 d:/program files (x86)/microchip/xc32/v1.34/bin/bin/../../lib/gcc/pic32mx/4.5.2/../../../../pic32mx/lib\libc.a(sprintf_cdnopuxX.eo)
 .mdebug.abi32  0xa00005a0        0x0 d:/program files (x86)/microchip/xc32/v1.34/bin/bin/../../lib/gcc/pic32mx/4.5.2/../../../../pic32mx/lib\libc.a(_iob.o)
 .mdebug.abi32  0xa00005a0        0x0 d:/program files (x86)/microchip/xc32/v1.34/bin/bin/../../lib/gcc/pic32mx/4.5.2/../../../../pic32mx/lib\libc.a(_fputc_simple.o)
 .mdebug.abi32  0xa00005a0        0x0 d:/program files (x86)/microchip/xc32/v1.34/bin/bin/../../lib/gcc/pic32mx/4.5.2/../../../../pic32mx/lib\libc.a(strchr.o)
 .mdebug.abi32  0xa00005a0        0x0 d:/program files (x86)/microchip/xc32/v1.34/bin/bin/../../lib/gcc/pic32mx/4.5.2/../../../../pic32mx/lib\libc.a(strncmp.o)
 .mdebug.abi32  0xa00005a0        0x0 d:/program files (x86)/microchip/xc32/v1.34/bin/bin/../../lib/gcc/pic32mx/4.5.2/../../../../pic32mx/lib\libc.a(doprnt_cdnopuxX.eo)
 .mdebug.abi32  0xa00005a0        0x0 d:/program files (x86)/microchip/xc32/v1.34/bin/bin/../../lib/gcc/pic32mx/4.5.2/../../../../pic32mx/lib\libc.a(_flsbuf_simple.o)
 .mdebug.abi32  0xa00005a0        0x0 d:/program files (x86)/microchip/xc32/v1.34/bin/bin/../../lib/gcc/pic32mx/4.5.2/../../../../pic32mx/lib\libc.a(ctype.o)
 .mdebug.abi32  0xa00005a0        0x0 d:/program files (x86)/microchip/xc32/v1.34/bin/bin/../../lib/gcc/pic32mx/4.5.2/../../../../pic32mx/lib\libpic32.a(write.o)
 .mdebug.abi32  0xa00005a0        0x0 d:/program files (x86)/microchip/xc32/v1.34/bin/bin/../../lib/gcc/pic32mx/4.5.2/../../../../pic32mx/lib\libpic32.a(_mon_putc.o)
 .mdebug.abi32  0xa00005a0        0x0 d:/program files (x86)/microchip/xc32/v1.34/bin/bin/../../lib/gcc/pic32mx/4.5.2\libgcc.a(_udivdi3.o)
 .mdebug.abi32  0xa00005a0        0x0 d:/program files (x86)/microchip/xc32/v1.34/bin/bin/../../lib/gcc/pic32mx/4.5.2\libgcc.a(_umoddi3.o)

.mdebug.abiN32
 *(.mdebug.abiN32)

.mdebug.abi64
 *(.mdebug.abi64)

.mdebug.abiO64
 *(.mdebug.abiO64)

.mdebug.eabi32
 *(.mdebug.eabi32)

.mdebug.eabi64
 *(.mdebug.eabi64)

.gcc_compiled_long32
 *(.gcc_compiled_long32)

.gcc_compiled_long64
 *(.gcc_compiled_long64)

.stab
 *(.stab)

.stabstr
 *(.stabstr)

.stab.excl
 *(.stab.excl)

.stab.exclstr
 *(.stab.exclstr)

.stab.index
 *(.stab.index)

.stab.indexstr
 *(.stab.indexstr)

.comment        0x00000000       0xf7
 *(.comment)
 .comment       0x00000000       0x3c build/default/production/sources/usb_main.o
                                 0x3d (size before relaxing)
 .comment       0x00000000       0x3d build/default/production/sources/usb/usb_descriptors.o
 .comment       0x00000000       0x3d build/default/production/sources/usb/usb_device.o
 .comment       0x00000000       0x3d build/default/production/sources/usb/usb_function_cdc.o
 .comment       0x00000000       0x3d build/default/production/sources/main.o
 .comment       0x00000000       0x3d build/default/production/sources/R2Protocol.o
 .comment       0x0000003c       0x3c d:/program files (x86)/microchip/xc32/v1.34/bin/bin/../../lib/gcc/pic32mx/4.5.2/../../../../pic32mx/lib\libmchp_peripheral_32MX250F128B.a(int_enable_interrupts_lib.o)
                                 0x3d (size before relaxing)
 .comment       0x00000000       0x3d d:/program files (x86)/microchip/xc32/v1.34/bin/bin/../../lib/gcc/pic32mx/4.5.2/../../../../pic32mx/lib\libmchp_peripheral_32MX250F128B.a(int_disable_interrupts_lib.o)
 .comment       0x00000000       0x3d d:/program files (x86)/microchip/xc32/v1.34/bin/bin/../../lib/gcc/pic32mx/4.5.2/../../../../pic32mx/lib\libmchp_peripheral_32MX250F128B.a(int_restore_interrupts_lib.o)
 .comment       0x00000000       0x3d d:/program files (x86)/microchip/xc32/v1.34/bin/bin/../../lib/gcc/pic32mx/4.5.2/../../../../pic32mx/lib\libmchp_peripheral_32MX250F128B.a(int_enable_mv_int_lib.o)
 .comment       0x00000000       0x3d d:/program files (x86)/microchip/xc32/v1.34/bin/bin/../../lib/gcc/pic32mx/4.5.2/../../../../pic32mx/lib\libmchp_peripheral_32MX250F128B.a(int_tbl_lib.o)
 .comment       0x00000000       0x3d d:/program files (x86)/microchip/xc32/v1.34/bin/bin/../../lib/gcc/pic32mx/4.5.2/../../../../pic32mx/lib\libmchp_peripheral_32MX250F128B.a(spi_chn_open_lib.o)
 .comment       0x00000000       0x3d d:/program files (x86)/microchip/xc32/v1.34/bin/bin/../../lib/gcc/pic32mx/4.5.2/../../../../pic32mx/lib\libmchp_peripheral_32MX250F128B.a(spi_map_tbl_libp.o)
 .comment       0x00000000       0x3d d:/program files (x86)/microchip/xc32/v1.34/bin/bin/../../lib/gcc/pic32mx/4.5.2/../../../../pic32mx/lib\libmchp_peripheral_32MX250F128B.a(dma_chn_enable_lib.o)
 .comment       0x00000000       0x3d d:/program files (x86)/microchip/xc32/v1.34/bin/bin/../../lib/gcc/pic32mx/4.5.2/../../../../pic32mx/lib\libmchp_peripheral_32MX250F128B.a(dma_chn_get_ev_flags_lib.o)
 .comment       0x00000000       0x3d d:/program files (x86)/microchip/xc32/v1.34/bin/bin/../../lib/gcc/pic32mx/4.5.2/../../../../pic32mx/lib\libmchp_peripheral_32MX250F128B.a(dma_reg_map_tbl_lib.o)
 .comment       0x00000000       0x3d d:/program files (x86)/microchip/xc32/v1.34/bin/bin/../../lib/gcc/pic32mx/4.5.2/../../../../pic32mx/lib\libmchp_peripheral_32MX250F128B.a(uart_lib.o)
 .comment       0x00000078       0x18 d:/program files (x86)/microchip/xc32/v1.34/bin/bin/../../lib/gcc/pic32mx/4.5.2/../../../../pic32mx/lib\libpic32.a(memset.o)
                                 0x19 (size before relaxing)
 .comment       0x00000090       0x19 d:/program files (x86)/microchip/xc32/v1.34/bin/bin/../../lib/gcc/pic32mx/4.5.2/../../../../pic32mx/lib\libpic32.a(strlen.o)
                                 0x1a (size before relaxing)
 .comment       0x00000000       0x3d d:/program files (x86)/microchip/xc32/v1.34/bin/bin/../../lib/gcc/pic32mx/4.5.2/../../../../pic32mx/lib\libpic32.a(default-bootstrap-exception-handler.o)
 .comment       0x00000000       0x3d d:/program files (x86)/microchip/xc32/v1.34/bin/bin/../../lib/gcc/pic32mx/4.5.2/../../../../pic32mx/lib\libpic32.a(default-on-reset.o)
 .comment       0x00000000       0x3d d:/program files (x86)/microchip/xc32/v1.34/bin/bin/../../lib/gcc/pic32mx/4.5.2/../../../../pic32mx/lib\libpic32.a(default-on-bootstrap.o)
 .comment       0x00000000       0x3d d:/program files (x86)/microchip/xc32/v1.34/bin/bin/../../lib/gcc/pic32mx/4.5.2/../../../../pic32mx/lib\libpic32.a(xc32_uart.o)
 .comment       0x00000000       0x3d d:/program files (x86)/microchip/xc32/v1.34/bin/bin/../../lib/gcc/pic32mx/4.5.2/../../../../pic32mx/lib\libpic32.a(default-general-exception-handler.o)
 .comment       0x00000000       0x3d d:/program files (x86)/microchip/xc32/v1.34/bin/bin/../../lib/gcc/pic32mx/4.5.2/../../../../pic32mx/lib\libpic32.a(defaultinterrupt.o)
 .comment       0x00000000       0x3d d:/program files (x86)/microchip/xc32/v1.34/bin/bin/../../lib/gcc/pic32mx/4.5.2/../../../../pic32mx/lib\libc.a(puts.o)
 .comment       0x00000000       0x3d d:/program files (x86)/microchip/xc32/v1.34/bin/bin/../../lib/gcc/pic32mx/4.5.2/../../../../pic32mx/lib\libc.a(strncpy.o)
 .comment       0x00000000       0x3d d:/program files (x86)/microchip/xc32/v1.34/bin/bin/../../lib/gcc/pic32mx/4.5.2/../../../../pic32mx/lib\libc.a(strstr.o)
 .comment       0x00000000       0x3d d:/program files (x86)/microchip/xc32/v1.34/bin/bin/../../lib/gcc/pic32mx/4.5.2/../../../../pic32mx/lib\libc.a(printf_cdnopuxX.eo)
 .comment       0x00000000       0x3d d:/program files (x86)/microchip/xc32/v1.34/bin/bin/../../lib/gcc/pic32mx/4.5.2/../../../../pic32mx/lib\libc.a(sprintf_cdnopuxX.eo)
 .comment       0x00000000       0x3d d:/program files (x86)/microchip/xc32/v1.34/bin/bin/../../lib/gcc/pic32mx/4.5.2/../../../../pic32mx/lib\libc.a(_iob.o)
 .comment       0x00000000       0x3d d:/program files (x86)/microchip/xc32/v1.34/bin/bin/../../lib/gcc/pic32mx/4.5.2/../../../../pic32mx/lib\libc.a(_fputc_simple.o)
 .comment       0x00000000       0x3d d:/program files (x86)/microchip/xc32/v1.34/bin/bin/../../lib/gcc/pic32mx/4.5.2/../../../../pic32mx/lib\libc.a(strchr.o)
 .comment       0x00000000       0x3d d:/program files (x86)/microchip/xc32/v1.34/bin/bin/../../lib/gcc/pic32mx/4.5.2/../../../../pic32mx/lib\libc.a(strncmp.o)
 .comment       0x00000000       0x3d d:/program files (x86)/microchip/xc32/v1.34/bin/bin/../../lib/gcc/pic32mx/4.5.2/../../../../pic32mx/lib\libc.a(doprnt_cdnopuxX.eo)
 .comment       0x00000000       0x3d d:/program files (x86)/microchip/xc32/v1.34/bin/bin/../../lib/gcc/pic32mx/4.5.2/../../../../pic32mx/lib\libc.a(_flsbuf_simple.o)
 .comment       0x000000a9       0x4e d:/program files (x86)/microchip/xc32/v1.34/bin/bin/../../lib/gcc/pic32mx/4.5.2/../../../../pic32mx/lib\libc.a(ctype.o)
                                 0x8b (size before relaxing)
 .comment       0x00000000       0x3d d:/program files (x86)/microchip/xc32/v1.34/bin/bin/../../lib/gcc/pic32mx/4.5.2/../../../../pic32mx/lib\libpic32.a(write.o)
 .comment       0x00000000       0x3d d:/program files (x86)/microchip/xc32/v1.34/bin/bin/../../lib/gcc/pic32mx/4.5.2/../../../../pic32mx/lib\libpic32.a(_mon_putc.o)
 .comment       0x00000000       0x3d d:/program files (x86)/microchip/xc32/v1.34/bin/bin/../../lib/gcc/pic32mx/4.5.2\libgcc.a(_udivdi3.o)
 .comment       0x00000000       0x3d d:/program files (x86)/microchip/xc32/v1.34/bin/bin/../../lib/gcc/pic32mx/4.5.2\libgcc.a(_umoddi3.o)

.debug
 *(.debug)

.line
 *(.line)

.debug_srcinfo
 *(.debug_srcinfo)

.debug_sfnames
 *(.debug_sfnames)

.debug_aranges  0x00000000      0x4a0
 *(.debug_aranges)
 .debug_aranges
                0x00000000       0x20 build/default/production/sources/usb_main.o
 .debug_aranges
                0x00000020       0x20 build/default/production/sources/usb/usb_device.o
 .debug_aranges
                0x00000040       0x20 build/default/production/sources/usb/usb_function_cdc.o
 .debug_aranges
                0x00000060       0x20 build/default/production/sources/main.o
 .debug_aranges
                0x00000080       0x20 build/default/production/sources/R2Protocol.o
 .debug_aranges
                0x000000a0       0x20 d:/program files (x86)/microchip/xc32/v1.34/bin/bin/../../lib/gcc/pic32mx/4.5.2/../../../../pic32mx/lib\libmchp_peripheral_32MX250F128B.a(int_enable_interrupts_lib.o)
 .debug_aranges
                0x000000c0       0x20 d:/program files (x86)/microchip/xc32/v1.34/bin/bin/../../lib/gcc/pic32mx/4.5.2/../../../../pic32mx/lib\libmchp_peripheral_32MX250F128B.a(int_disable_interrupts_lib.o)
 .debug_aranges
                0x000000e0       0x20 d:/program files (x86)/microchip/xc32/v1.34/bin/bin/../../lib/gcc/pic32mx/4.5.2/../../../../pic32mx/lib\libmchp_peripheral_32MX250F128B.a(int_restore_interrupts_lib.o)
 .debug_aranges
                0x00000100       0x20 d:/program files (x86)/microchip/xc32/v1.34/bin/bin/../../lib/gcc/pic32mx/4.5.2/../../../../pic32mx/lib\libmchp_peripheral_32MX250F128B.a(int_enable_mv_int_lib.o)
 .debug_aranges
                0x00000120       0x60 d:/program files (x86)/microchip/xc32/v1.34/bin/bin/../../lib/gcc/pic32mx/4.5.2/../../../../pic32mx/lib\libmchp_peripheral_32MX250F128B.a(int_tbl_lib.o)
 .debug_aranges
                0x00000180       0x20 d:/program files (x86)/microchip/xc32/v1.34/bin/bin/../../lib/gcc/pic32mx/4.5.2/../../../../pic32mx/lib\libmchp_peripheral_32MX250F128B.a(spi_chn_open_lib.o)
 .debug_aranges
                0x000001a0       0x20 d:/program files (x86)/microchip/xc32/v1.34/bin/bin/../../lib/gcc/pic32mx/4.5.2/../../../../pic32mx/lib\libmchp_peripheral_32MX250F128B.a(dma_chn_enable_lib.o)
 .debug_aranges
                0x000001c0       0x20 d:/program files (x86)/microchip/xc32/v1.34/bin/bin/../../lib/gcc/pic32mx/4.5.2/../../../../pic32mx/lib\libmchp_peripheral_32MX250F128B.a(dma_chn_get_ev_flags_lib.o)
 .debug_aranges
                0x000001e0       0x58 d:/program files (x86)/microchip/xc32/v1.34/bin/bin/../../lib/gcc/pic32mx/4.5.2/../../../../pic32mx/lib\libmchp_peripheral_32MX250F128B.a(uart_lib.o)
 .debug_aranges
                0x00000238       0x20 d:/program files (x86)/microchip/xc32/v1.34/bin/bin/../../lib/gcc/pic32mx/4.5.2/../../../../pic32mx/lib\libpic32.a(default-bootstrap-exception-handler.o)
 .debug_aranges
                0x00000258       0x20 d:/program files (x86)/microchip/xc32/v1.34/bin/bin/../../lib/gcc/pic32mx/4.5.2/../../../../pic32mx/lib\libpic32.a(default-on-reset.o)
 .debug_aranges
                0x00000278       0x20 d:/program files (x86)/microchip/xc32/v1.34/bin/bin/../../lib/gcc/pic32mx/4.5.2/../../../../pic32mx/lib\libpic32.a(default-on-bootstrap.o)
 .debug_aranges
                0x00000298       0x20 d:/program files (x86)/microchip/xc32/v1.34/bin/bin/../../lib/gcc/pic32mx/4.5.2/../../../../pic32mx/lib\libpic32.a(default-general-exception-handler.o)
 .debug_aranges
                0x000002b8       0x20 d:/program files (x86)/microchip/xc32/v1.34/bin/bin/../../lib/gcc/pic32mx/4.5.2/../../../../pic32mx/lib\libpic32.a(defaultinterrupt.o)
 .debug_aranges
                0x000002d8       0x28 d:/program files (x86)/microchip/xc32/v1.34/bin/bin/../../lib/gcc/pic32mx/4.5.2/../../../../pic32mx/lib\libc.a(puts.o)
 .debug_aranges
                0x00000300       0x20 d:/program files (x86)/microchip/xc32/v1.34/bin/bin/../../lib/gcc/pic32mx/4.5.2/../../../../pic32mx/lib\libc.a(strncpy.o)
 .debug_aranges
                0x00000320       0x20 d:/program files (x86)/microchip/xc32/v1.34/bin/bin/../../lib/gcc/pic32mx/4.5.2/../../../../pic32mx/lib\libc.a(strstr.o)
 .debug_aranges
                0x00000340       0x20 d:/program files (x86)/microchip/xc32/v1.34/bin/bin/../../lib/gcc/pic32mx/4.5.2/../../../../pic32mx/lib\libc.a(printf_cdnopuxX.eo)
 .debug_aranges
                0x00000360       0x20 d:/program files (x86)/microchip/xc32/v1.34/bin/bin/../../lib/gcc/pic32mx/4.5.2/../../../../pic32mx/lib\libc.a(sprintf_cdnopuxX.eo)
 .debug_aranges
                0x00000380       0x20 d:/program files (x86)/microchip/xc32/v1.34/bin/bin/../../lib/gcc/pic32mx/4.5.2/../../../../pic32mx/lib\libc.a(_fputc_simple.o)
 .debug_aranges
                0x000003a0       0x20 d:/program files (x86)/microchip/xc32/v1.34/bin/bin/../../lib/gcc/pic32mx/4.5.2/../../../../pic32mx/lib\libc.a(strchr.o)
 .debug_aranges
                0x000003c0       0x20 d:/program files (x86)/microchip/xc32/v1.34/bin/bin/../../lib/gcc/pic32mx/4.5.2/../../../../pic32mx/lib\libc.a(strncmp.o)
 .debug_aranges
                0x000003e0       0x20 d:/program files (x86)/microchip/xc32/v1.34/bin/bin/../../lib/gcc/pic32mx/4.5.2/../../../../pic32mx/lib\libc.a(doprnt_cdnopuxX.eo)
 .debug_aranges
                0x00000400       0x20 d:/program files (x86)/microchip/xc32/v1.34/bin/bin/../../lib/gcc/pic32mx/4.5.2/../../../../pic32mx/lib\libc.a(_flsbuf_simple.o)
 .debug_aranges
                0x00000420       0x20 d:/program files (x86)/microchip/xc32/v1.34/bin/bin/../../lib/gcc/pic32mx/4.5.2/../../../../pic32mx/lib\libpic32.a(write.o)
 .debug_aranges
                0x00000440       0x20 d:/program files (x86)/microchip/xc32/v1.34/bin/bin/../../lib/gcc/pic32mx/4.5.2/../../../../pic32mx/lib\libpic32.a(_mon_putc.o)
 .debug_aranges
                0x00000460       0x20 d:/program files (x86)/microchip/xc32/v1.34/bin/bin/../../lib/gcc/pic32mx/4.5.2\libgcc.a(_udivdi3.o)
 .debug_aranges
                0x00000480       0x20 d:/program files (x86)/microchip/xc32/v1.34/bin/bin/../../lib/gcc/pic32mx/4.5.2\libgcc.a(_umoddi3.o)

.debug_pubnames
                0x00000000      0xe39
 *(.debug_pubnames)
 .debug_pubnames
                0x00000000      0x1b9 build/default/production/sources/usb_main.o
 .debug_pubnames
                0x000001b9       0x73 build/default/production/sources/usb/usb_descriptors.o
 .debug_pubnames
                0x0000022c      0x33a build/default/production/sources/usb/usb_device.o
 .debug_pubnames
                0x00000566      0x1b2 build/default/production/sources/usb/usb_function_cdc.o
 .debug_pubnames
                0x00000718      0x114 build/default/production/sources/main.o
 .debug_pubnames
                0x0000082c       0xd8 build/default/production/sources/R2Protocol.o
 .debug_pubnames
                0x00000904       0x2a d:/program files (x86)/microchip/xc32/v1.34/bin/bin/../../lib/gcc/pic32mx/4.5.2/../../../../pic32mx/lib\libmchp_peripheral_32MX250F128B.a(int_enable_interrupts_lib.o)
 .debug_pubnames
                0x0000092e       0x2b d:/program files (x86)/microchip/xc32/v1.34/bin/bin/../../lib/gcc/pic32mx/4.5.2/../../../../pic32mx/lib\libmchp_peripheral_32MX250F128B.a(int_disable_interrupts_lib.o)
 .debug_pubnames
                0x00000959       0x2b d:/program files (x86)/microchip/xc32/v1.34/bin/bin/../../lib/gcc/pic32mx/4.5.2/../../../../pic32mx/lib\libmchp_peripheral_32MX250F128B.a(int_restore_interrupts_lib.o)
 .debug_pubnames
                0x00000984       0x36 d:/program files (x86)/microchip/xc32/v1.34/bin/bin/../../lib/gcc/pic32mx/4.5.2/../../../../pic32mx/lib\libmchp_peripheral_32MX250F128B.a(int_enable_mv_int_lib.o)
 .debug_pubnames
                0x000009ba       0xca d:/program files (x86)/microchip/xc32/v1.34/bin/bin/../../lib/gcc/pic32mx/4.5.2/../../../../pic32mx/lib\libmchp_peripheral_32MX250F128B.a(int_tbl_lib.o)
 .debug_pubnames
                0x00000a84       0x21 d:/program files (x86)/microchip/xc32/v1.34/bin/bin/../../lib/gcc/pic32mx/4.5.2/../../../../pic32mx/lib\libmchp_peripheral_32MX250F128B.a(spi_chn_open_lib.o)
 .debug_pubnames
                0x00000aa5       0x23 d:/program files (x86)/microchip/xc32/v1.34/bin/bin/../../lib/gcc/pic32mx/4.5.2/../../../../pic32mx/lib\libmchp_peripheral_32MX250F128B.a(dma_chn_enable_lib.o)
 .debug_pubnames
                0x00000ac8       0x27 d:/program files (x86)/microchip/xc32/v1.34/bin/bin/../../lib/gcc/pic32mx/4.5.2/../../../../pic32mx/lib\libmchp_peripheral_32MX250F128B.a(dma_chn_get_ev_flags_lib.o)
 .debug_pubnames
                0x00000aef       0xb1 d:/program files (x86)/microchip/xc32/v1.34/bin/bin/../../lib/gcc/pic32mx/4.5.2/../../../../pic32mx/lib\libmchp_peripheral_32MX250F128B.a(uart_lib.o)
 .debug_pubnames
                0x00000ba0       0x33 d:/program files (x86)/microchip/xc32/v1.34/bin/bin/../../lib/gcc/pic32mx/4.5.2/../../../../pic32mx/lib\libpic32.a(default-bootstrap-exception-handler.o)
 .debug_pubnames
                0x00000bd3       0x20 d:/program files (x86)/microchip/xc32/v1.34/bin/bin/../../lib/gcc/pic32mx/4.5.2/../../../../pic32mx/lib\libpic32.a(default-on-reset.o)
 .debug_pubnames
                0x00000bf3       0x24 d:/program files (x86)/microchip/xc32/v1.34/bin/bin/../../lib/gcc/pic32mx/4.5.2/../../../../pic32mx/lib\libpic32.a(default-on-bootstrap.o)
 .debug_pubnames
                0x00000c17       0x31 d:/program files (x86)/microchip/xc32/v1.34/bin/bin/../../lib/gcc/pic32mx/4.5.2/../../../../pic32mx/lib\libpic32.a(default-general-exception-handler.o)
 .debug_pubnames
                0x00000c48       0x28 d:/program files (x86)/microchip/xc32/v1.34/bin/bin/../../lib/gcc/pic32mx/4.5.2/../../../../pic32mx/lib\libpic32.a(defaultinterrupt.o)
 .debug_pubnames
                0x00000c70       0x25 d:/program files (x86)/microchip/xc32/v1.34/bin/bin/../../lib/gcc/pic32mx/4.5.2/../../../../pic32mx/lib\libc.a(puts.o)
 .debug_pubnames
                0x00000c95       0x1e d:/program files (x86)/microchip/xc32/v1.34/bin/bin/../../lib/gcc/pic32mx/4.5.2/../../../../pic32mx/lib\libc.a(strncpy.o)
 .debug_pubnames
                0x00000cb3       0x1d d:/program files (x86)/microchip/xc32/v1.34/bin/bin/../../lib/gcc/pic32mx/4.5.2/../../../../pic32mx/lib\libc.a(strstr.o)
 .debug_pubnames
                0x00000cd0       0x27 d:/program files (x86)/microchip/xc32/v1.34/bin/bin/../../lib/gcc/pic32mx/4.5.2/../../../../pic32mx/lib\libc.a(printf_cdnopuxX.eo)
 .debug_pubnames
                0x00000cf7       0x28 d:/program files (x86)/microchip/xc32/v1.34/bin/bin/../../lib/gcc/pic32mx/4.5.2/../../../../pic32mx/lib\libc.a(sprintf_cdnopuxX.eo)
 .debug_pubnames
                0x00000d1f       0x1c d:/program files (x86)/microchip/xc32/v1.34/bin/bin/../../lib/gcc/pic32mx/4.5.2/../../../../pic32mx/lib\libc.a(_fputc_simple.o)
 .debug_pubnames
                0x00000d3b       0x1d d:/program files (x86)/microchip/xc32/v1.34/bin/bin/../../lib/gcc/pic32mx/4.5.2/../../../../pic32mx/lib\libc.a(strchr.o)
 .debug_pubnames
                0x00000d58       0x1e d:/program files (x86)/microchip/xc32/v1.34/bin/bin/../../lib/gcc/pic32mx/4.5.2/../../../../pic32mx/lib\libc.a(strncmp.o)
 .debug_pubnames
                0x00000d76       0x29 d:/program files (x86)/microchip/xc32/v1.34/bin/bin/../../lib/gcc/pic32mx/4.5.2/../../../../pic32mx/lib\libc.a(doprnt_cdnopuxX.eo)
 .debug_pubnames
                0x00000d9f       0x1e d:/program files (x86)/microchip/xc32/v1.34/bin/bin/../../lib/gcc/pic32mx/4.5.2/../../../../pic32mx/lib\libc.a(_flsbuf_simple.o)
 .debug_pubnames
                0x00000dbd       0x1c d:/program files (x86)/microchip/xc32/v1.34/bin/bin/../../lib/gcc/pic32mx/4.5.2/../../../../pic32mx/lib\libpic32.a(write.o)
 .debug_pubnames
                0x00000dd9       0x20 d:/program files (x86)/microchip/xc32/v1.34/bin/bin/../../lib/gcc/pic32mx/4.5.2/../../../../pic32mx/lib\libpic32.a(_mon_putc.o)
 .debug_pubnames
                0x00000df9       0x20 d:/program files (x86)/microchip/xc32/v1.34/bin/bin/../../lib/gcc/pic32mx/4.5.2\libgcc.a(_udivdi3.o)
 .debug_pubnames
                0x00000e19       0x20 d:/program files (x86)/microchip/xc32/v1.34/bin/bin/../../lib/gcc/pic32mx/4.5.2\libgcc.a(_umoddi3.o)

.debug_info     0x00000000     0xe6e9
 *(.debug_info .gnu.linkonce.wi.*)
 .debug_info    0x00000000     0x1d24 build/default/production/sources/usb_main.o
 .debug_info    0x00001d24     0x157d build/default/production/sources/usb/usb_descriptors.o
 .debug_info    0x000032a1     0x37bd build/default/production/sources/usb/usb_device.o
 .debug_info    0x00006a5e     0x275a build/default/production/sources/usb/usb_function_cdc.o
 .debug_info    0x000091b8     0x2b03 build/default/production/sources/main.o
 .debug_info    0x0000bcbb      0x657 build/default/production/sources/R2Protocol.o
 .debug_info    0x0000c312       0xb4 d:/program files (x86)/microchip/xc32/v1.34/bin/bin/../../lib/gcc/pic32mx/4.5.2/../../../../pic32mx/lib\libmchp_peripheral_32MX250F128B.a(int_enable_interrupts_lib.o)
 .debug_info    0x0000c3c6       0xb6 d:/program files (x86)/microchip/xc32/v1.34/bin/bin/../../lib/gcc/pic32mx/4.5.2/../../../../pic32mx/lib\libmchp_peripheral_32MX250F128B.a(int_disable_interrupts_lib.o)
 .debug_info    0x0000c47c       0xb6 d:/program files (x86)/microchip/xc32/v1.34/bin/bin/../../lib/gcc/pic32mx/4.5.2/../../../../pic32mx/lib\libmchp_peripheral_32MX250F128B.a(int_restore_interrupts_lib.o)
 .debug_info    0x0000c532       0xbc d:/program files (x86)/microchip/xc32/v1.34/bin/bin/../../lib/gcc/pic32mx/4.5.2/../../../../pic32mx/lib\libmchp_peripheral_32MX250F128B.a(int_enable_mv_int_lib.o)
 .debug_info    0x0000c5ee      0x196 d:/program files (x86)/microchip/xc32/v1.34/bin/bin/../../lib/gcc/pic32mx/4.5.2/../../../../pic32mx/lib\libmchp_peripheral_32MX250F128B.a(int_tbl_lib.o)
 .debug_info    0x0000c784       0xa2 d:/program files (x86)/microchip/xc32/v1.34/bin/bin/../../lib/gcc/pic32mx/4.5.2/../../../../pic32mx/lib\libmchp_peripheral_32MX250F128B.a(spi_chn_open_lib.o)
 .debug_info    0x0000c826        0x0 d:/program files (x86)/microchip/xc32/v1.34/bin/bin/../../lib/gcc/pic32mx/4.5.2/../../../../pic32mx/lib\libmchp_peripheral_32MX250F128B.a(spi_map_tbl_libp.o)
 .debug_info    0x0000c826       0xa6 d:/program files (x86)/microchip/xc32/v1.34/bin/bin/../../lib/gcc/pic32mx/4.5.2/../../../../pic32mx/lib\libmchp_peripheral_32MX250F128B.a(dma_chn_enable_lib.o)
 .debug_info    0x0000c8cc       0xb0 d:/program files (x86)/microchip/xc32/v1.34/bin/bin/../../lib/gcc/pic32mx/4.5.2/../../../../pic32mx/lib\libmchp_peripheral_32MX250F128B.a(dma_chn_get_ev_flags_lib.o)
 .debug_info    0x0000c97c        0x0 d:/program files (x86)/microchip/xc32/v1.34/bin/bin/../../lib/gcc/pic32mx/4.5.2/../../../../pic32mx/lib\libmchp_peripheral_32MX250F128B.a(dma_reg_map_tbl_lib.o)
 .debug_info    0x0000c97c      0x175 d:/program files (x86)/microchip/xc32/v1.34/bin/bin/../../lib/gcc/pic32mx/4.5.2/../../../../pic32mx/lib\libmchp_peripheral_32MX250F128B.a(uart_lib.o)
 .debug_info    0x0000caf1       0xe2 d:/program files (x86)/microchip/xc32/v1.34/bin/bin/../../lib/gcc/pic32mx/4.5.2/../../../../pic32mx/lib\libpic32.a(default-bootstrap-exception-handler.o)
 .debug_info    0x0000cbd3       0xbc d:/program files (x86)/microchip/xc32/v1.34/bin/bin/../../lib/gcc/pic32mx/4.5.2/../../../../pic32mx/lib\libpic32.a(default-on-reset.o)
 .debug_info    0x0000cc8f       0xc4 d:/program files (x86)/microchip/xc32/v1.34/bin/bin/../../lib/gcc/pic32mx/4.5.2/../../../../pic32mx/lib\libpic32.a(default-on-bootstrap.o)
 .debug_info    0x0000cd53        0x0 d:/program files (x86)/microchip/xc32/v1.34/bin/bin/../../lib/gcc/pic32mx/4.5.2/../../../../pic32mx/lib\libpic32.a(xc32_uart.o)
 .debug_info    0x0000cd53       0xde d:/program files (x86)/microchip/xc32/v1.34/bin/bin/../../lib/gcc/pic32mx/4.5.2/../../../../pic32mx/lib\libpic32.a(default-general-exception-handler.o)
 .debug_info    0x0000ce31       0xd6 d:/program files (x86)/microchip/xc32/v1.34/bin/bin/../../lib/gcc/pic32mx/4.5.2/../../../../pic32mx/lib\libpic32.a(defaultinterrupt.o)
 .debug_info    0x0000cf07       0xc5 d:/program files (x86)/microchip/xc32/v1.34/bin/bin/../../lib/gcc/pic32mx/4.5.2/../../../../pic32mx/lib\libc.a(puts.o)
 .debug_info    0x0000cfcc       0xb7 d:/program files (x86)/microchip/xc32/v1.34/bin/bin/../../lib/gcc/pic32mx/4.5.2/../../../../pic32mx/lib\libc.a(strncpy.o)
 .debug_info    0x0000d083       0xb5 d:/program files (x86)/microchip/xc32/v1.34/bin/bin/../../lib/gcc/pic32mx/4.5.2/../../../../pic32mx/lib\libc.a(strstr.o)
 .debug_info    0x0000d138       0xbf d:/program files (x86)/microchip/xc32/v1.34/bin/bin/../../lib/gcc/pic32mx/4.5.2/../../../../pic32mx/lib\libc.a(printf_cdnopuxX.eo)
 .debug_info    0x0000d1f7       0xc1 d:/program files (x86)/microchip/xc32/v1.34/bin/bin/../../lib/gcc/pic32mx/4.5.2/../../../../pic32mx/lib\libc.a(sprintf_cdnopuxX.eo)
 .debug_info    0x0000d2b8        0x0 d:/program files (x86)/microchip/xc32/v1.34/bin/bin/../../lib/gcc/pic32mx/4.5.2/../../../../pic32mx/lib\libc.a(_iob.o)
 .debug_info    0x0000d2b8       0xb3 d:/program files (x86)/microchip/xc32/v1.34/bin/bin/../../lib/gcc/pic32mx/4.5.2/../../../../pic32mx/lib\libc.a(_fputc_simple.o)
 .debug_info    0x0000d36b       0xb5 d:/program files (x86)/microchip/xc32/v1.34/bin/bin/../../lib/gcc/pic32mx/4.5.2/../../../../pic32mx/lib\libc.a(strchr.o)
 .debug_info    0x0000d420       0xb7 d:/program files (x86)/microchip/xc32/v1.34/bin/bin/../../lib/gcc/pic32mx/4.5.2/../../../../pic32mx/lib\libc.a(strncmp.o)
 .debug_info    0x0000d4d7       0xc2 d:/program files (x86)/microchip/xc32/v1.34/bin/bin/../../lib/gcc/pic32mx/4.5.2/../../../../pic32mx/lib\libc.a(doprnt_cdnopuxX.eo)
 .debug_info    0x0000d599       0xb6 d:/program files (x86)/microchip/xc32/v1.34/bin/bin/../../lib/gcc/pic32mx/4.5.2/../../../../pic32mx/lib\libc.a(_flsbuf_simple.o)
 .debug_info    0x0000d64f        0x0 d:/program files (x86)/microchip/xc32/v1.34/bin/bin/../../lib/gcc/pic32mx/4.5.2/../../../../pic32mx/lib\libc.a(ctype.o)
 .debug_info    0x0000d64f       0xad d:/program files (x86)/microchip/xc32/v1.34/bin/bin/../../lib/gcc/pic32mx/4.5.2/../../../../pic32mx/lib\libpic32.a(write.o)
 .debug_info    0x0000d6fc       0xb5 d:/program files (x86)/microchip/xc32/v1.34/bin/bin/../../lib/gcc/pic32mx/4.5.2/../../../../pic32mx/lib\libpic32.a(_mon_putc.o)
 .debug_info    0x0000d7b1      0x783 d:/program files (x86)/microchip/xc32/v1.34/bin/bin/../../lib/gcc/pic32mx/4.5.2\libgcc.a(_udivdi3.o)
 .debug_info    0x0000df34      0x7b5 d:/program files (x86)/microchip/xc32/v1.34/bin/bin/../../lib/gcc/pic32mx/4.5.2\libgcc.a(_umoddi3.o)

.debug_abbrev   0x00000000     0x1592
 *(.debug_abbrev)
 .debug_abbrev  0x00000000      0x27d build/default/production/sources/usb_main.o
 .debug_abbrev  0x0000027d      0x1e5 build/default/production/sources/usb/usb_descriptors.o
 .debug_abbrev  0x00000462      0x2f5 build/default/production/sources/usb/usb_device.o
 .debug_abbrev  0x00000757      0x2b4 build/default/production/sources/usb/usb_function_cdc.o
 .debug_abbrev  0x00000a0b      0x414 build/default/production/sources/main.o
 .debug_abbrev  0x00000e1f      0x112 build/default/production/sources/R2Protocol.o
 .debug_abbrev  0x00000f31       0x25 d:/program files (x86)/microchip/xc32/v1.34/bin/bin/../../lib/gcc/pic32mx/4.5.2/../../../../pic32mx/lib\libmchp_peripheral_32MX250F128B.a(int_enable_interrupts_lib.o)
 .debug_abbrev  0x00000f56       0x25 d:/program files (x86)/microchip/xc32/v1.34/bin/bin/../../lib/gcc/pic32mx/4.5.2/../../../../pic32mx/lib\libmchp_peripheral_32MX250F128B.a(int_disable_interrupts_lib.o)
 .debug_abbrev  0x00000f7b       0x25 d:/program files (x86)/microchip/xc32/v1.34/bin/bin/../../lib/gcc/pic32mx/4.5.2/../../../../pic32mx/lib\libmchp_peripheral_32MX250F128B.a(int_restore_interrupts_lib.o)
 .debug_abbrev  0x00000fa0       0x25 d:/program files (x86)/microchip/xc32/v1.34/bin/bin/../../lib/gcc/pic32mx/4.5.2/../../../../pic32mx/lib\libmchp_peripheral_32MX250F128B.a(int_enable_mv_int_lib.o)
 .debug_abbrev  0x00000fc5       0x25 d:/program files (x86)/microchip/xc32/v1.34/bin/bin/../../lib/gcc/pic32mx/4.5.2/../../../../pic32mx/lib\libmchp_peripheral_32MX250F128B.a(int_tbl_lib.o)
 .debug_abbrev  0x00000fea       0x25 d:/program files (x86)/microchip/xc32/v1.34/bin/bin/../../lib/gcc/pic32mx/4.5.2/../../../../pic32mx/lib\libmchp_peripheral_32MX250F128B.a(spi_chn_open_lib.o)
 .debug_abbrev  0x0000100f        0x1 d:/program files (x86)/microchip/xc32/v1.34/bin/bin/../../lib/gcc/pic32mx/4.5.2/../../../../pic32mx/lib\libmchp_peripheral_32MX250F128B.a(spi_map_tbl_libp.o)
 .debug_abbrev  0x00001010       0x25 d:/program files (x86)/microchip/xc32/v1.34/bin/bin/../../lib/gcc/pic32mx/4.5.2/../../../../pic32mx/lib\libmchp_peripheral_32MX250F128B.a(dma_chn_enable_lib.o)
 .debug_abbrev  0x00001035       0x25 d:/program files (x86)/microchip/xc32/v1.34/bin/bin/../../lib/gcc/pic32mx/4.5.2/../../../../pic32mx/lib\libmchp_peripheral_32MX250F128B.a(dma_chn_get_ev_flags_lib.o)
 .debug_abbrev  0x0000105a        0x1 d:/program files (x86)/microchip/xc32/v1.34/bin/bin/../../lib/gcc/pic32mx/4.5.2/../../../../pic32mx/lib\libmchp_peripheral_32MX250F128B.a(dma_reg_map_tbl_lib.o)
 .debug_abbrev  0x0000105b       0x38 d:/program files (x86)/microchip/xc32/v1.34/bin/bin/../../lib/gcc/pic32mx/4.5.2/../../../../pic32mx/lib\libmchp_peripheral_32MX250F128B.a(uart_lib.o)
 .debug_abbrev  0x00001093       0x25 d:/program files (x86)/microchip/xc32/v1.34/bin/bin/../../lib/gcc/pic32mx/4.5.2/../../../../pic32mx/lib\libpic32.a(default-bootstrap-exception-handler.o)
 .debug_abbrev  0x000010b8       0x25 d:/program files (x86)/microchip/xc32/v1.34/bin/bin/../../lib/gcc/pic32mx/4.5.2/../../../../pic32mx/lib\libpic32.a(default-on-reset.o)
 .debug_abbrev  0x000010dd       0x25 d:/program files (x86)/microchip/xc32/v1.34/bin/bin/../../lib/gcc/pic32mx/4.5.2/../../../../pic32mx/lib\libpic32.a(default-on-bootstrap.o)
 .debug_abbrev  0x00001102        0x1 d:/program files (x86)/microchip/xc32/v1.34/bin/bin/../../lib/gcc/pic32mx/4.5.2/../../../../pic32mx/lib\libpic32.a(xc32_uart.o)
 .debug_abbrev  0x00001103       0x25 d:/program files (x86)/microchip/xc32/v1.34/bin/bin/../../lib/gcc/pic32mx/4.5.2/../../../../pic32mx/lib\libpic32.a(default-general-exception-handler.o)
 .debug_abbrev  0x00001128       0x25 d:/program files (x86)/microchip/xc32/v1.34/bin/bin/../../lib/gcc/pic32mx/4.5.2/../../../../pic32mx/lib\libpic32.a(defaultinterrupt.o)
 .debug_abbrev  0x0000114d       0x25 d:/program files (x86)/microchip/xc32/v1.34/bin/bin/../../lib/gcc/pic32mx/4.5.2/../../../../pic32mx/lib\libc.a(puts.o)
 .debug_abbrev  0x00001172       0x25 d:/program files (x86)/microchip/xc32/v1.34/bin/bin/../../lib/gcc/pic32mx/4.5.2/../../../../pic32mx/lib\libc.a(strncpy.o)
 .debug_abbrev  0x00001197       0x25 d:/program files (x86)/microchip/xc32/v1.34/bin/bin/../../lib/gcc/pic32mx/4.5.2/../../../../pic32mx/lib\libc.a(strstr.o)
 .debug_abbrev  0x000011bc       0x25 d:/program files (x86)/microchip/xc32/v1.34/bin/bin/../../lib/gcc/pic32mx/4.5.2/../../../../pic32mx/lib\libc.a(printf_cdnopuxX.eo)
 .debug_abbrev  0x000011e1       0x25 d:/program files (x86)/microchip/xc32/v1.34/bin/bin/../../lib/gcc/pic32mx/4.5.2/../../../../pic32mx/lib\libc.a(sprintf_cdnopuxX.eo)
 .debug_abbrev  0x00001206        0x1 d:/program files (x86)/microchip/xc32/v1.34/bin/bin/../../lib/gcc/pic32mx/4.5.2/../../../../pic32mx/lib\libc.a(_iob.o)
 .debug_abbrev  0x00001207       0x25 d:/program files (x86)/microchip/xc32/v1.34/bin/bin/../../lib/gcc/pic32mx/4.5.2/../../../../pic32mx/lib\libc.a(_fputc_simple.o)
 .debug_abbrev  0x0000122c       0x25 d:/program files (x86)/microchip/xc32/v1.34/bin/bin/../../lib/gcc/pic32mx/4.5.2/../../../../pic32mx/lib\libc.a(strchr.o)
 .debug_abbrev  0x00001251       0x25 d:/program files (x86)/microchip/xc32/v1.34/bin/bin/../../lib/gcc/pic32mx/4.5.2/../../../../pic32mx/lib\libc.a(strncmp.o)
 .debug_abbrev  0x00001276       0x25 d:/program files (x86)/microchip/xc32/v1.34/bin/bin/../../lib/gcc/pic32mx/4.5.2/../../../../pic32mx/lib\libc.a(doprnt_cdnopuxX.eo)
 .debug_abbrev  0x0000129b       0x25 d:/program files (x86)/microchip/xc32/v1.34/bin/bin/../../lib/gcc/pic32mx/4.5.2/../../../../pic32mx/lib\libc.a(_flsbuf_simple.o)
 .debug_abbrev  0x000012c0        0x1 d:/program files (x86)/microchip/xc32/v1.34/bin/bin/../../lib/gcc/pic32mx/4.5.2/../../../../pic32mx/lib\libc.a(ctype.o)
 .debug_abbrev  0x000012c1       0x25 d:/program files (x86)/microchip/xc32/v1.34/bin/bin/../../lib/gcc/pic32mx/4.5.2/../../../../pic32mx/lib\libpic32.a(write.o)
 .debug_abbrev  0x000012e6       0x25 d:/program files (x86)/microchip/xc32/v1.34/bin/bin/../../lib/gcc/pic32mx/4.5.2/../../../../pic32mx/lib\libpic32.a(_mon_putc.o)
 .debug_abbrev  0x0000130b      0x13d d:/program files (x86)/microchip/xc32/v1.34/bin/bin/../../lib/gcc/pic32mx/4.5.2\libgcc.a(_udivdi3.o)
 .debug_abbrev  0x00001448      0x14a d:/program files (x86)/microchip/xc32/v1.34/bin/bin/../../lib/gcc/pic32mx/4.5.2\libgcc.a(_umoddi3.o)

.debug_line     0x00000000     0x2421
 *(.debug_line)
 .debug_line    0x00000000      0x35f build/default/production/sources/usb_main.o
 .debug_line    0x0000035f      0x1d8 build/default/production/sources/usb/usb_descriptors.o
 .debug_line    0x00000537      0x665 build/default/production/sources/usb/usb_device.o
 .debug_line    0x00000b9c      0x2f3 build/default/production/sources/usb/usb_function_cdc.o
 .debug_line    0x00000e8f      0x4d2 build/default/production/sources/main.o
 .debug_line    0x00001361      0x20e build/default/production/sources/R2Protocol.o
 .debug_line    0x0000156f       0x72 d:/program files (x86)/microchip/xc32/v1.34/bin/bin/../../lib/gcc/pic32mx/4.5.2/../../../../pic32mx/lib\libmchp_peripheral_32MX250F128B.a(int_enable_interrupts_lib.o)
 .debug_line    0x000015e1       0x73 d:/program files (x86)/microchip/xc32/v1.34/bin/bin/../../lib/gcc/pic32mx/4.5.2/../../../../pic32mx/lib\libmchp_peripheral_32MX250F128B.a(int_disable_interrupts_lib.o)
 .debug_line    0x00001654       0x73 d:/program files (x86)/microchip/xc32/v1.34/bin/bin/../../lib/gcc/pic32mx/4.5.2/../../../../pic32mx/lib\libmchp_peripheral_32MX250F128B.a(int_restore_interrupts_lib.o)
 .debug_line    0x000016c7       0x6e d:/program files (x86)/microchip/xc32/v1.34/bin/bin/../../lib/gcc/pic32mx/4.5.2/../../../../pic32mx/lib\libmchp_peripheral_32MX250F128B.a(int_enable_mv_int_lib.o)
 .debug_line    0x00001735       0x64 d:/program files (x86)/microchip/xc32/v1.34/bin/bin/../../lib/gcc/pic32mx/4.5.2/../../../../pic32mx/lib\libmchp_peripheral_32MX250F128B.a(int_tbl_lib.o)
 .debug_line    0x00001799       0x69 d:/program files (x86)/microchip/xc32/v1.34/bin/bin/../../lib/gcc/pic32mx/4.5.2/../../../../pic32mx/lib\libmchp_peripheral_32MX250F128B.a(spi_chn_open_lib.o)
 .debug_line    0x00001802        0x0 d:/program files (x86)/microchip/xc32/v1.34/bin/bin/../../lib/gcc/pic32mx/4.5.2/../../../../pic32mx/lib\libmchp_peripheral_32MX250F128B.a(spi_map_tbl_libp.o)
 .debug_line    0x00001802       0x6b d:/program files (x86)/microchip/xc32/v1.34/bin/bin/../../lib/gcc/pic32mx/4.5.2/../../../../pic32mx/lib\libmchp_peripheral_32MX250F128B.a(dma_chn_enable_lib.o)
 .debug_line    0x0000186d       0x71 d:/program files (x86)/microchip/xc32/v1.34/bin/bin/../../lib/gcc/pic32mx/4.5.2/../../../../pic32mx/lib\libmchp_peripheral_32MX250F128B.a(dma_chn_get_ev_flags_lib.o)
 .debug_line    0x000018de        0x0 d:/program files (x86)/microchip/xc32/v1.34/bin/bin/../../lib/gcc/pic32mx/4.5.2/../../../../pic32mx/lib\libmchp_peripheral_32MX250F128B.a(dma_reg_map_tbl_lib.o)
 .debug_line    0x000018de       0x62 d:/program files (x86)/microchip/xc32/v1.34/bin/bin/../../lib/gcc/pic32mx/4.5.2/../../../../pic32mx/lib\libmchp_peripheral_32MX250F128B.a(uart_lib.o)
 .debug_line    0x00001940       0x97 d:/program files (x86)/microchip/xc32/v1.34/bin/bin/../../lib/gcc/pic32mx/4.5.2/../../../../pic32mx/lib\libpic32.a(default-bootstrap-exception-handler.o)
 .debug_line    0x000019d7       0x84 d:/program files (x86)/microchip/xc32/v1.34/bin/bin/../../lib/gcc/pic32mx/4.5.2/../../../../pic32mx/lib\libpic32.a(default-on-reset.o)
 .debug_line    0x00001a5b       0x88 d:/program files (x86)/microchip/xc32/v1.34/bin/bin/../../lib/gcc/pic32mx/4.5.2/../../../../pic32mx/lib\libpic32.a(default-on-bootstrap.o)
 .debug_line    0x00001ae3        0x0 d:/program files (x86)/microchip/xc32/v1.34/bin/bin/../../lib/gcc/pic32mx/4.5.2/../../../../pic32mx/lib\libpic32.a(xc32_uart.o)
 .debug_line    0x00001ae3       0x95 d:/program files (x86)/microchip/xc32/v1.34/bin/bin/../../lib/gcc/pic32mx/4.5.2/../../../../pic32mx/lib\libpic32.a(default-general-exception-handler.o)
 .debug_line    0x00001b78       0x96 d:/program files (x86)/microchip/xc32/v1.34/bin/bin/../../lib/gcc/pic32mx/4.5.2/../../../../pic32mx/lib\libpic32.a(defaultinterrupt.o)
 .debug_line    0x00001c0e       0x6e d:/program files (x86)/microchip/xc32/v1.34/bin/bin/../../lib/gcc/pic32mx/4.5.2/../../../../pic32mx/lib\libc.a(puts.o)
 .debug_line    0x00001c7c       0x71 d:/program files (x86)/microchip/xc32/v1.34/bin/bin/../../lib/gcc/pic32mx/4.5.2/../../../../pic32mx/lib\libc.a(strncpy.o)
 .debug_line    0x00001ced       0x70 d:/program files (x86)/microchip/xc32/v1.34/bin/bin/../../lib/gcc/pic32mx/4.5.2/../../../../pic32mx/lib\libc.a(strstr.o)
 .debug_line    0x00001d5d       0x70 d:/program files (x86)/microchip/xc32/v1.34/bin/bin/../../lib/gcc/pic32mx/4.5.2/../../../../pic32mx/lib\libc.a(printf_cdnopuxX.eo)
 .debug_line    0x00001dcd       0x71 d:/program files (x86)/microchip/xc32/v1.34/bin/bin/../../lib/gcc/pic32mx/4.5.2/../../../../pic32mx/lib\libc.a(sprintf_cdnopuxX.eo)
 .debug_line    0x00001e3e        0x0 d:/program files (x86)/microchip/xc32/v1.34/bin/bin/../../lib/gcc/pic32mx/4.5.2/../../../../pic32mx/lib\libc.a(_iob.o)
 .debug_line    0x00001e3e       0x6f d:/program files (x86)/microchip/xc32/v1.34/bin/bin/../../lib/gcc/pic32mx/4.5.2/../../../../pic32mx/lib\libc.a(_fputc_simple.o)
 .debug_line    0x00001ead       0x70 d:/program files (x86)/microchip/xc32/v1.34/bin/bin/../../lib/gcc/pic32mx/4.5.2/../../../../pic32mx/lib\libc.a(strchr.o)
 .debug_line    0x00001f1d       0x71 d:/program files (x86)/microchip/xc32/v1.34/bin/bin/../../lib/gcc/pic32mx/4.5.2/../../../../pic32mx/lib\libc.a(strncmp.o)
 .debug_line    0x00001f8e       0x70 d:/program files (x86)/microchip/xc32/v1.34/bin/bin/../../lib/gcc/pic32mx/4.5.2/../../../../pic32mx/lib\libc.a(doprnt_cdnopuxX.eo)
 .debug_line    0x00001ffe       0x70 d:/program files (x86)/microchip/xc32/v1.34/bin/bin/../../lib/gcc/pic32mx/4.5.2/../../../../pic32mx/lib\libc.a(_flsbuf_simple.o)
 .debug_line    0x0000206e        0x0 d:/program files (x86)/microchip/xc32/v1.34/bin/bin/../../lib/gcc/pic32mx/4.5.2/../../../../pic32mx/lib\libc.a(ctype.o)
 .debug_line    0x0000206e       0x79 d:/program files (x86)/microchip/xc32/v1.34/bin/bin/../../lib/gcc/pic32mx/4.5.2/../../../../pic32mx/lib\libpic32.a(write.o)
 .debug_line    0x000020e7       0x7d d:/program files (x86)/microchip/xc32/v1.34/bin/bin/../../lib/gcc/pic32mx/4.5.2/../../../../pic32mx/lib\libpic32.a(_mon_putc.o)
 .debug_line    0x00002164      0x16f d:/program files (x86)/microchip/xc32/v1.34/bin/bin/../../lib/gcc/pic32mx/4.5.2\libgcc.a(_udivdi3.o)
 .debug_line    0x000022d3      0x14e d:/program files (x86)/microchip/xc32/v1.34/bin/bin/../../lib/gcc/pic32mx/4.5.2\libgcc.a(_umoddi3.o)

.debug_frame    0x00000000      0xcb4
 *(.debug_frame)
 .debug_frame   0x00000000      0x160 build/default/production/sources/usb_main.o
 .debug_frame   0x00000160      0x314 build/default/production/sources/usb/usb_device.o
 .debug_frame   0x00000474       0xf0 build/default/production/sources/usb/usb_function_cdc.o
 .debug_frame   0x00000564      0x148 build/default/production/sources/main.o
 .debug_frame   0x000006ac       0xf4 build/default/production/sources/R2Protocol.o
 .debug_frame   0x000007a0       0x20 d:/program files (x86)/microchip/xc32/v1.34/bin/bin/../../lib/gcc/pic32mx/4.5.2/../../../../pic32mx/lib\libmchp_peripheral_32MX250F128B.a(int_enable_interrupts_lib.o)
 .debug_frame   0x000007c0       0x20 d:/program files (x86)/microchip/xc32/v1.34/bin/bin/../../lib/gcc/pic32mx/4.5.2/../../../../pic32mx/lib\libmchp_peripheral_32MX250F128B.a(int_disable_interrupts_lib.o)
 .debug_frame   0x000007e0       0x20 d:/program files (x86)/microchip/xc32/v1.34/bin/bin/../../lib/gcc/pic32mx/4.5.2/../../../../pic32mx/lib\libmchp_peripheral_32MX250F128B.a(int_restore_interrupts_lib.o)
 .debug_frame   0x00000800       0x28 d:/program files (x86)/microchip/xc32/v1.34/bin/bin/../../lib/gcc/pic32mx/4.5.2/../../../../pic32mx/lib\libmchp_peripheral_32MX250F128B.a(int_enable_mv_int_lib.o)
 .debug_frame   0x00000828       0xa0 d:/program files (x86)/microchip/xc32/v1.34/bin/bin/../../lib/gcc/pic32mx/4.5.2/../../../../pic32mx/lib\libmchp_peripheral_32MX250F128B.a(int_tbl_lib.o)
 .debug_frame   0x000008c8       0x30 d:/program files (x86)/microchip/xc32/v1.34/bin/bin/../../lib/gcc/pic32mx/4.5.2/../../../../pic32mx/lib\libmchp_peripheral_32MX250F128B.a(spi_chn_open_lib.o)
 .debug_frame   0x000008f8       0x20 d:/program files (x86)/microchip/xc32/v1.34/bin/bin/../../lib/gcc/pic32mx/4.5.2/../../../../pic32mx/lib\libmchp_peripheral_32MX250F128B.a(dma_chn_enable_lib.o)
 .debug_frame   0x00000918       0x20 d:/program files (x86)/microchip/xc32/v1.34/bin/bin/../../lib/gcc/pic32mx/4.5.2/../../../../pic32mx/lib\libmchp_peripheral_32MX250F128B.a(dma_chn_get_ev_flags_lib.o)
 .debug_frame   0x00000938       0x90 d:/program files (x86)/microchip/xc32/v1.34/bin/bin/../../lib/gcc/pic32mx/4.5.2/../../../../pic32mx/lib\libmchp_peripheral_32MX250F128B.a(uart_lib.o)
 .debug_frame   0x000009c8       0x28 d:/program files (x86)/microchip/xc32/v1.34/bin/bin/../../lib/gcc/pic32mx/4.5.2/../../../../pic32mx/lib\libpic32.a(default-bootstrap-exception-handler.o)
 .debug_frame   0x000009f0       0x20 d:/program files (x86)/microchip/xc32/v1.34/bin/bin/../../lib/gcc/pic32mx/4.5.2/../../../../pic32mx/lib\libpic32.a(default-on-reset.o)
 .debug_frame   0x00000a10       0x20 d:/program files (x86)/microchip/xc32/v1.34/bin/bin/../../lib/gcc/pic32mx/4.5.2/../../../../pic32mx/lib\libpic32.a(default-on-bootstrap.o)
 .debug_frame   0x00000a30       0x28 d:/program files (x86)/microchip/xc32/v1.34/bin/bin/../../lib/gcc/pic32mx/4.5.2/../../../../pic32mx/lib\libpic32.a(default-general-exception-handler.o)
 .debug_frame   0x00000a58       0x20 d:/program files (x86)/microchip/xc32/v1.34/bin/bin/../../lib/gcc/pic32mx/4.5.2/../../../../pic32mx/lib\libpic32.a(defaultinterrupt.o)
 .debug_frame   0x00000a78       0x48 d:/program files (x86)/microchip/xc32/v1.34/bin/bin/../../lib/gcc/pic32mx/4.5.2/../../../../pic32mx/lib\libc.a(puts.o)
 .debug_frame   0x00000ac0       0x20 d:/program files (x86)/microchip/xc32/v1.34/bin/bin/../../lib/gcc/pic32mx/4.5.2/../../../../pic32mx/lib\libc.a(strncpy.o)
 .debug_frame   0x00000ae0       0x2c d:/program files (x86)/microchip/xc32/v1.34/bin/bin/../../lib/gcc/pic32mx/4.5.2/../../../../pic32mx/lib\libc.a(strstr.o)
 .debug_frame   0x00000b0c       0x28 d:/program files (x86)/microchip/xc32/v1.34/bin/bin/../../lib/gcc/pic32mx/4.5.2/../../../../pic32mx/lib\libc.a(printf_cdnopuxX.eo)
 .debug_frame   0x00000b34       0x2c d:/program files (x86)/microchip/xc32/v1.34/bin/bin/../../lib/gcc/pic32mx/4.5.2/../../../../pic32mx/lib\libc.a(sprintf_cdnopuxX.eo)
 .debug_frame   0x00000b60       0x2c d:/program files (x86)/microchip/xc32/v1.34/bin/bin/../../lib/gcc/pic32mx/4.5.2/../../../../pic32mx/lib\libc.a(_fputc_simple.o)
 .debug_frame   0x00000b8c       0x20 d:/program files (x86)/microchip/xc32/v1.34/bin/bin/../../lib/gcc/pic32mx/4.5.2/../../../../pic32mx/lib\libc.a(strchr.o)
 .debug_frame   0x00000bac       0x20 d:/program files (x86)/microchip/xc32/v1.34/bin/bin/../../lib/gcc/pic32mx/4.5.2/../../../../pic32mx/lib\libc.a(strncmp.o)
 .debug_frame   0x00000bcc       0x38 d:/program files (x86)/microchip/xc32/v1.34/bin/bin/../../lib/gcc/pic32mx/4.5.2/../../../../pic32mx/lib\libc.a(doprnt_cdnopuxX.eo)
 .debug_frame   0x00000c04       0x28 d:/program files (x86)/microchip/xc32/v1.34/bin/bin/../../lib/gcc/pic32mx/4.5.2/../../../../pic32mx/lib\libc.a(_flsbuf_simple.o)
 .debug_frame   0x00000c2c       0x28 d:/program files (x86)/microchip/xc32/v1.34/bin/bin/../../lib/gcc/pic32mx/4.5.2/../../../../pic32mx/lib\libpic32.a(write.o)
 .debug_frame   0x00000c54       0x20 d:/program files (x86)/microchip/xc32/v1.34/bin/bin/../../lib/gcc/pic32mx/4.5.2/../../../../pic32mx/lib\libpic32.a(_mon_putc.o)
 .debug_frame   0x00000c74       0x20 d:/program files (x86)/microchip/xc32/v1.34/bin/bin/../../lib/gcc/pic32mx/4.5.2\libgcc.a(_udivdi3.o)
 .debug_frame   0x00000c94       0x20 d:/program files (x86)/microchip/xc32/v1.34/bin/bin/../../lib/gcc/pic32mx/4.5.2\libgcc.a(_umoddi3.o)

.debug_str      0x00000000      0x9c1
 *(.debug_str)
 .debug_str     0x00000000      0x1a3 build/default/production/sources/usb_main.o
 .debug_str     0x000001a3      0x10c build/default/production/sources/usb/usb_descriptors.o
 .debug_str     0x000002af      0x364 build/default/production/sources/usb/usb_device.o
 .debug_str     0x00000613      0x1b7 build/default/production/sources/usb/usb_function_cdc.o
 .debug_str     0x000007ca      0x1ee build/default/production/sources/main.o
 .debug_str     0x000009b8        0x9 build/default/production/sources/R2Protocol.o
 .debug_str     0x000009c1        0x0 d:/program files (x86)/microchip/xc32/v1.34/bin/bin/../../lib/gcc/pic32mx/4.5.2/../../../../pic32mx/lib\libmchp_peripheral_32MX250F128B.a(int_enable_interrupts_lib.o)
 .debug_str     0x000009c1        0x0 d:/program files (x86)/microchip/xc32/v1.34/bin/bin/../../lib/gcc/pic32mx/4.5.2/../../../../pic32mx/lib\libmchp_peripheral_32MX250F128B.a(int_disable_interrupts_lib.o)
 .debug_str     0x000009c1        0x0 d:/program files (x86)/microchip/xc32/v1.34/bin/bin/../../lib/gcc/pic32mx/4.5.2/../../../../pic32mx/lib\libmchp_peripheral_32MX250F128B.a(int_restore_interrupts_lib.o)
 .debug_str     0x000009c1        0x0 d:/program files (x86)/microchip/xc32/v1.34/bin/bin/../../lib/gcc/pic32mx/4.5.2/../../../../pic32mx/lib\libmchp_peripheral_32MX250F128B.a(int_enable_mv_int_lib.o)
 .debug_str     0x000009c1        0x0 d:/program files (x86)/microchip/xc32/v1.34/bin/bin/../../lib/gcc/pic32mx/4.5.2/../../../../pic32mx/lib\libmchp_peripheral_32MX250F128B.a(int_tbl_lib.o)
 .debug_str     0x000009c1        0x0 d:/program files (x86)/microchip/xc32/v1.34/bin/bin/../../lib/gcc/pic32mx/4.5.2/../../../../pic32mx/lib\libmchp_peripheral_32MX250F128B.a(spi_chn_open_lib.o)
 .debug_str     0x000009c1        0x0 d:/program files (x86)/microchip/xc32/v1.34/bin/bin/../../lib/gcc/pic32mx/4.5.2/../../../../pic32mx/lib\libmchp_peripheral_32MX250F128B.a(spi_map_tbl_libp.o)
 .debug_str     0x000009c1        0x0 d:/program files (x86)/microchip/xc32/v1.34/bin/bin/../../lib/gcc/pic32mx/4.5.2/../../../../pic32mx/lib\libmchp_peripheral_32MX250F128B.a(dma_chn_enable_lib.o)
 .debug_str     0x000009c1        0x0 d:/program files (x86)/microchip/xc32/v1.34/bin/bin/../../lib/gcc/pic32mx/4.5.2/../../../../pic32mx/lib\libmchp_peripheral_32MX250F128B.a(dma_chn_get_ev_flags_lib.o)
 .debug_str     0x000009c1        0x0 d:/program files (x86)/microchip/xc32/v1.34/bin/bin/../../lib/gcc/pic32mx/4.5.2/../../../../pic32mx/lib\libmchp_peripheral_32MX250F128B.a(dma_reg_map_tbl_lib.o)
 .debug_str     0x000009c1        0x0 d:/program files (x86)/microchip/xc32/v1.34/bin/bin/../../lib/gcc/pic32mx/4.5.2/../../../../pic32mx/lib\libmchp_peripheral_32MX250F128B.a(uart_lib.o)
 .debug_str     0x000009c1        0x0 d:/program files (x86)/microchip/xc32/v1.34/bin/bin/../../lib/gcc/pic32mx/4.5.2/../../../../pic32mx/lib\libpic32.a(default-bootstrap-exception-handler.o)
 .debug_str     0x000009c1        0x0 d:/program files (x86)/microchip/xc32/v1.34/bin/bin/../../lib/gcc/pic32mx/4.5.2/../../../../pic32mx/lib\libpic32.a(default-on-reset.o)
 .debug_str     0x000009c1        0x0 d:/program files (x86)/microchip/xc32/v1.34/bin/bin/../../lib/gcc/pic32mx/4.5.2/../../../../pic32mx/lib\libpic32.a(default-on-bootstrap.o)
 .debug_str     0x000009c1        0x0 d:/program files (x86)/microchip/xc32/v1.34/bin/bin/../../lib/gcc/pic32mx/4.5.2/../../../../pic32mx/lib\libpic32.a(xc32_uart.o)
 .debug_str     0x000009c1        0x0 d:/program files (x86)/microchip/xc32/v1.34/bin/bin/../../lib/gcc/pic32mx/4.5.2/../../../../pic32mx/lib\libpic32.a(default-general-exception-handler.o)
 .debug_str     0x000009c1        0x0 d:/program files (x86)/microchip/xc32/v1.34/bin/bin/../../lib/gcc/pic32mx/4.5.2/../../../../pic32mx/lib\libpic32.a(defaultinterrupt.o)
 .debug_str     0x000009c1        0x0 d:/program files (x86)/microchip/xc32/v1.34/bin/bin/../../lib/gcc/pic32mx/4.5.2/../../../../pic32mx/lib\libc.a(puts.o)
 .debug_str     0x000009c1        0x0 d:/program files (x86)/microchip/xc32/v1.34/bin/bin/../../lib/gcc/pic32mx/4.5.2/../../../../pic32mx/lib\libc.a(strncpy.o)
 .debug_str     0x000009c1        0x0 d:/program files (x86)/microchip/xc32/v1.34/bin/bin/../../lib/gcc/pic32mx/4.5.2/../../../../pic32mx/lib\libc.a(strstr.o)
 .debug_str     0x000009c1        0x0 d:/program files (x86)/microchip/xc32/v1.34/bin/bin/../../lib/gcc/pic32mx/4.5.2/../../../../pic32mx/lib\libc.a(printf_cdnopuxX.eo)
 .debug_str     0x000009c1        0x0 d:/program files (x86)/microchip/xc32/v1.34/bin/bin/../../lib/gcc/pic32mx/4.5.2/../../../../pic32mx/lib\libc.a(sprintf_cdnopuxX.eo)